Component: ARM Compiler 5.06 update 1 (build 61) Tool: armlink [4d35a8]

==============================================================================

Section Cross References

    stm32f10x_adc.o(i.ADC_DeInit) refers to stm32f10x_rcc.o(i.RCC_APB2PeriphResetCmd) for RCC_APB2PeriphResetCmd
    stm32f10x_bkp.o(i.BKP_DeInit) refers to stm32f10x_rcc.o(i.RCC_BackupResetCmd) for RCC_BackupResetCmd
    stm32f10x_can.o(i.CAN_DeInit) refers to stm32f10x_rcc.o(i.RCC_APB1PeriphResetCmd) for RCC_APB1PeriphResetCmd
    stm32f10x_can.o(i.CAN_GetITStatus) refers to stm32f10x_can.o(i.CheckITStatus) for CheckITStatus
    stm32f10x_cec.o(i.CEC_DeInit) refers to stm32f10x_rcc.o(i.RCC_APB1PeriphResetCmd) for RCC_APB1PeriphResetCmd
    stm32f10x_dac.o(i.DAC_DeInit) refers to stm32f10x_rcc.o(i.RCC_APB1PeriphResetCmd) for RCC_APB1PeriphResetCmd
    stm32f10x_flash.o(i.FLASH_EnableWriteProtection) refers to stm32f10x_flash.o(i.FLASH_WaitForLastOperation) for FLASH_WaitForLastOperation
    stm32f10x_flash.o(i.FLASH_EraseAllBank1Pages) refers to stm32f10x_flash.o(i.FLASH_WaitForLastBank1Operation) for FLASH_WaitForLastBank1Operation
    stm32f10x_flash.o(i.FLASH_EraseAllPages) refers to stm32f10x_flash.o(i.FLASH_WaitForLastOperation) for FLASH_WaitForLastOperation
    stm32f10x_flash.o(i.FLASH_EraseOptionBytes) refers to stm32f10x_flash.o(i.FLASH_GetReadOutProtectionStatus) for FLASH_GetReadOutProtectionStatus
    stm32f10x_flash.o(i.FLASH_EraseOptionBytes) refers to stm32f10x_flash.o(i.FLASH_WaitForLastOperation) for FLASH_WaitForLastOperation
    stm32f10x_flash.o(i.FLASH_ErasePage) refers to stm32f10x_flash.o(i.FLASH_WaitForLastOperation) for FLASH_WaitForLastOperation
    stm32f10x_flash.o(i.FLASH_ProgramHalfWord) refers to stm32f10x_flash.o(i.FLASH_WaitForLastOperation) for FLASH_WaitForLastOperation
    stm32f10x_flash.o(i.FLASH_ProgramOptionByteData) refers to stm32f10x_flash.o(i.FLASH_WaitForLastOperation) for FLASH_WaitForLastOperation
    stm32f10x_flash.o(i.FLASH_ProgramWord) refers to stm32f10x_flash.o(i.FLASH_WaitForLastOperation) for FLASH_WaitForLastOperation
    stm32f10x_flash.o(i.FLASH_ReadOutProtection) refers to stm32f10x_flash.o(i.FLASH_WaitForLastOperation) for FLASH_WaitForLastOperation
    stm32f10x_flash.o(i.FLASH_UserOptionByteConfig) refers to stm32f10x_flash.o(i.FLASH_WaitForLastOperation) for FLASH_WaitForLastOperation
    stm32f10x_flash.o(i.FLASH_WaitForLastBank1Operation) refers to stm32f10x_flash.o(i.FLASH_GetBank1Status) for FLASH_GetBank1Status
    stm32f10x_flash.o(i.FLASH_WaitForLastOperation) refers to stm32f10x_flash.o(i.FLASH_GetBank1Status) for FLASH_GetBank1Status
    stm32f10x_gpio.o(i.GPIO_AFIODeInit) refers to stm32f10x_rcc.o(i.RCC_APB2PeriphResetCmd) for RCC_APB2PeriphResetCmd
    stm32f10x_gpio.o(i.GPIO_DeInit) refers to stm32f10x_rcc.o(i.RCC_APB2PeriphResetCmd) for RCC_APB2PeriphResetCmd
    stm32f10x_i2c.o(i.I2C_DeInit) refers to stm32f10x_rcc.o(i.RCC_APB1PeriphResetCmd) for RCC_APB1PeriphResetCmd
    stm32f10x_i2c.o(i.I2C_Init) refers to stm32f10x_rcc.o(i.RCC_GetClocksFreq) for RCC_GetClocksFreq
    stm32f10x_pwr.o(i.PWR_DeInit) refers to stm32f10x_rcc.o(i.RCC_APB1PeriphResetCmd) for RCC_APB1PeriphResetCmd
    stm32f10x_rcc.o(i.RCC_GetClocksFreq) refers to stm32f10x_rcc.o(.data) for APBAHBPrescTable
    stm32f10x_rcc.o(i.RCC_WaitForHSEStartUp) refers to stm32f10x_rcc.o(i.RCC_GetFlagStatus) for RCC_GetFlagStatus
    stm32f10x_rtc.o(i.RTC_SetAlarm) refers to stm32f10x_rtc.o(i.RTC_EnterConfigMode) for RTC_EnterConfigMode
    stm32f10x_rtc.o(i.RTC_SetAlarm) refers to stm32f10x_rtc.o(i.RTC_ExitConfigMode) for RTC_ExitConfigMode
    stm32f10x_rtc.o(i.RTC_SetCounter) refers to stm32f10x_rtc.o(i.RTC_EnterConfigMode) for RTC_EnterConfigMode
    stm32f10x_rtc.o(i.RTC_SetCounter) refers to stm32f10x_rtc.o(i.RTC_ExitConfigMode) for RTC_ExitConfigMode
    stm32f10x_rtc.o(i.RTC_SetPrescaler) refers to stm32f10x_rtc.o(i.RTC_EnterConfigMode) for RTC_EnterConfigMode
    stm32f10x_rtc.o(i.RTC_SetPrescaler) refers to stm32f10x_rtc.o(i.RTC_ExitConfigMode) for RTC_ExitConfigMode
    stm32f10x_spi.o(i.I2S_Init) refers to stm32f10x_rcc.o(i.RCC_GetClocksFreq) for RCC_GetClocksFreq
    stm32f10x_spi.o(i.SPI_I2S_DeInit) refers to stm32f10x_rcc.o(i.RCC_APB2PeriphResetCmd) for RCC_APB2PeriphResetCmd
    stm32f10x_spi.o(i.SPI_I2S_DeInit) refers to stm32f10x_rcc.o(i.RCC_APB1PeriphResetCmd) for RCC_APB1PeriphResetCmd
    stm32f10x_tim.o(i.TIM_DeInit) refers to stm32f10x_rcc.o(i.RCC_APB2PeriphResetCmd) for RCC_APB2PeriphResetCmd
    stm32f10x_tim.o(i.TIM_DeInit) refers to stm32f10x_rcc.o(i.RCC_APB1PeriphResetCmd) for RCC_APB1PeriphResetCmd
    stm32f10x_tim.o(i.TIM_ETRClockMode1Config) refers to stm32f10x_tim.o(i.TIM_ETRConfig) for TIM_ETRConfig
    stm32f10x_tim.o(i.TIM_ETRClockMode2Config) refers to stm32f10x_tim.o(i.TIM_ETRConfig) for TIM_ETRConfig
    stm32f10x_tim.o(i.TIM_ICInit) refers to stm32f10x_tim.o(i.TI1_Config) for TI1_Config
[...]
    dc.s                                     0x00000000   Number         0  dc.o ABSOLUTE
    handlers.s                               0x00000000   Number         0  handlers.o ABSOLUTE
    init.s                                   0x00000000   Number         0  init.o ABSOLUTE
    RESET                                    0x08000000   Section      304  startup_stm32f10x_hd.o(RESET)
    .ARM.Collect$$$$00000000                 0x08000130   Section        0  entry.o(.ARM.Collect$$$$00000000)
    .ARM.Collect$$$$00000001                 0x08000130   Section        4  entry2.o(.ARM.Collect$$$$00000001)
    .ARM.Collect$$$$00000004                 0x08000134   Section        4  entry5.o(.ARM.Collect$$$$00000004)
    .ARM.Collect$$$$00000008                 0x08000138   Section        0  entry7b.o(.ARM.Collect$$$$00000008)
    .ARM.Collect$$$$0000000A                 0x08000138   Section        0  entry8b.o(.ARM.Collect$$$$0000000A)
    .ARM.Collect$$$$0000000B                 0x08000138   Section        8  entry9a.o(.ARM.Collect$$$$0000000B)
    .ARM.Collect$$$$0000000D                 0x08000140   Section        0  entry10a.o(.ARM.Collect$$$$0000000D)
    .ARM.Collect$$$$0000000F                 0x08000140   Section        0  entry11a.o(.ARM.Collect$$$$0000000F)
    .ARM.Collect$$$$00002712                 0x08000140   Section        4  entry2.o(.ARM.Collect$$$$00002712)
    __lit__00000000                          0x08000140   Data           4  entry2.o(.ARM.Collect$$$$00002712)
    .text                                    0x08000144   Section       36  startup_stm32f10x_hd.o(.text)
    .text                                    0x08000168   Section        0  memcpya.o(.text)
    .text                                    0x0800018c   Section        0  memseta.o(.text)
    .text                                    0x080001b0   Section        0  strlen.o(.text)
    .text                                    0x080001c0   Section       36  init.o(.text)
    .text                                    0x080001e4   Section        0  __dczerorl2.o(.text)
    i.Bootloader_Check_App_FW_Validity       0x0800023c   Section        0  boot_loader.o(i.Bootloader_Check_App_FW_Validity)
    i.Bootloader_closeBsp                    0x0800026c   Section        0  boot_loader.o(i.Bootloader_closeBsp)
    i.Bootloader_flag_erase                  0x080002d4   Section        0  boot_loader.o(i.Bootloader_flag_erase)
    i.BusFault_Handler                       0x080002e8   Section        0  stm32_it.o(i.BusFault_Handler)
    i.ByteSwap                               0x080002ec   Section        0  usb_regs.o(i.ByteSwap)
    i.CTR_LP                                 0x080002f8   Section        0  usb_int.o(i.CTR_LP)
    i.ClearDTOG_RX                           0x08000580   Section        0  usb_regs.o(i.ClearDTOG_RX)
    i.ClearDTOG_TX                           0x080005b4   Section        0  usb_regs.o(i.ClearDTOG_TX)
    i.Clear_Status_Out                       0x080005e8   Section        0  usb_regs.o(i.Clear_Status_Out)
    i.CommController_GetFirmware             0x08000610   Section        0  server_comm_controller.o(i.CommController_GetFirmware)
    i.CommController_Init                    0x08000644   Section        0  server_comm_controller.o(i.CommController_Init)
    i.CommController_JustResponseOk          0x08000660   Section        0  server_comm_controller.o(i.CommController_JustResponseOk)
    i.CommController_PhySend                 0x08000670   Section        0  server_comm_controller.o(i.CommController_PhySend)
    i.CommController_Ping                    0x080006f0   Section        0  server_comm_controller.o(i.CommController_Ping)
    i.CommController_RecvThread              0x08000704   Section        0  server_comm_controller.o(i.CommController_RecvThread)
    i.CommController_SendBuf                 0x080007a0   Section        0  server_comm_controller.o(i.CommController_SendBuf)
    i.CommController_SendRetry               0x080007c4   Section        0  server_comm_controller.o(i.CommController_SendRetry)
    i.CommController_SoftReset               0x080007dc   Section        0  server_comm_controller.o(i.CommController_SoftReset)
    i.CommController_Stm32Flash              0x080007f8   Section        0  server_comm_controller.o(i.CommController_Stm32Flash)
    i.CommController_Stm32FlashDecode        0x080008a2   Section        0  server_comm_controller.o(i.CommController_Stm32FlashDecode)
    i.Comm_Crc16Calc                         0x080008f2   Section        0  server_comm_protocol.o(i.Comm_Crc16Calc)
    i.Comm_Crc16Init                         0x08000926   Section        0  server_comm_protocol.o(i.Comm_Crc16Init)
    i.Comm_Decoder                           0x08000970   Section        0  server_comm_protocol.o(i.Comm_Decoder)
    i.Comm_Encoder                           0x08000a08   Section        0  server_comm_protocol.o(i.Comm_Encoder)
    i.Comm_GetHeadFromBuf                    0x08000a80   Section        0  server_comm_protocol.o(i.Comm_GetHeadFromBuf)
    i.Comm_GetU16FromBuf                     0x08000aae   Section        0  server_comm_protocol.o(i.Comm_GetU16FromBuf)
    i.Comm_GetU32FromBuf                     0x08000abc   Section        0  server_comm_protocol.o(i.Comm_GetU32FromBuf)
    i.Comm_Init                              0x08000ad6   Section        0  server_comm_protocol.o(i.Comm_Init)
    i.Comm_RecvBytes                         0x08000afa   Section        0  server_comm_protocol.o(i.Comm_RecvBytes)
    i.Comm_RecvReset                         0x08000c1a   Section        0  server_comm_protocol.o(i.Comm_RecvReset)
    i.Comm_SendBytes                         0x08000c36   Section        0  server_comm_protocol.o(i.Comm_SendBytes)
    i.Comm_SendReset                         0x08000c80   Section        0  server_comm_protocol.o(i.Comm_SendReset)
    i.Comm_SendRetry                         0x08000c98   Section        0  server_comm_protocol.o(i.Comm_SendRetry)
    i.Comm_SetHeadToBuf                      0x08000cd4   Section        0  server_comm_protocol.o(i.Comm_SetHeadToBuf)
    i.Comm_SetU16ToBuf                       0x08000d02   Section        0  server_comm_protocol.o(i.Comm_SetU16ToBuf)
    i.Comm_SetU32ToBuf                       0x08000d0a   Section        0  server_comm_protocol.o(i.Comm_SetU32ToBuf)
    i.CustomHID_Data_Setup                   0x08000d1c   Section        0  usb_prop.o(i.CustomHID_Data_Setup)
    i.CustomHID_GetConfigDescriptor          0x08000d9c   Section        0  usb_prop.o(i.CustomHID_GetConfigDescriptor)
    i.CustomHID_GetDeviceDescriptor          0x08000db0   Section        0  usb_prop.o(i.CustomHID_GetDeviceDescriptor)
    i.CustomHID_GetHIDDescriptor             0x08000dc4   Section        0  usb_prop.o(i.CustomHID_GetHIDDescriptor)
    i.CustomHID_GetProtocolValue             0x08000dd8   Section        0  usb_prop.o(i.CustomHID_GetProtocolValue)
    i.CustomHID_GetReportDescriptor          0x08000df4   Section        0  usb_prop.o(i.CustomHID_GetReportDescriptor)
    i.CustomHID_GetStringDescriptor          0x08000e08   Section        0  usb_prop.o(i.CustomHID_GetStringDescriptor)
    i.CustomHID_Get_Interface_Setting        0x08000e30   Section        0  usb_prop.o(i.CustomHID_Get_Interface_Setting)
    i.CustomHID_NoData_Setup                 0x08000e48   Section        0  usb_prop.o(i.CustomHID_NoData_Setup)
    i.CustomHID_Reset                        0x08000e6c   Section        0  usb_prop.o(i.CustomHID_Reset)
    i.CustomHID_SetConfiguration             0x08000f2c   Section        0  usb_prop.o(i.CustomHID_SetConfiguration)
    i.CustomHID_SetDeviceAddress             0x08000f44   Section        0  usb_prop.o(i.CustomHID_SetDeviceAddress)
    i.CustomHID_SetProtocol                  0x08000f50   Section        0  usb_prop.o(i.CustomHID_SetProtocol)
    i.CustomHID_Status_In                    0x08000f68   Section        0  usb_prop.o(i.CustomHID_Status_In)
    i.CustomHID_Status_Out                   0x08000f6a   Section        0  usb_prop.o(i.CustomHID_Status_Out)
    i.CustomHID_init                         0x08000f6c   Section        0  usb_prop.o(i.CustomHID_init)
    i.DBGMCU_Config                          0x08000f94   Section        0  stm32f10x_dbgmcu.o(i.DBGMCU_Config)
    i.DMA1_Channel1_IRQHandler               0x08000fb4   Section        0  stm32_it.o(i.DMA1_Channel1_IRQHandler)
    i.DataStageIn                            0x08000fb8   Section        0  usb_core.o(i.DataStageIn)
    DataStageIn                              0x08000fb9   Thumb Code   166  usb_core.o(i.DataStageIn)
    i.DataStageOut                           0x08001078   Section        0  usb_core.o(i.DataStageOut)
    DataStageOut                             0x08001079   Thumb Code   166  usb_core.o(i.DataStageOut)
    i.Data_Setup0                            0x08001134   Section        0  usb_core.o(i.Data_Setup0)
    Data_Setup0                              0x08001135   Thumb Code   628  usb_core.o(i.Data_Setup0)
    i.DebugMon_Handler                       0x080013cc   Section        0  stm32_it.o(i.DebugMon_Handler)
    i.EP1_OUT_Callback                       0x080013d0   Section        0  usb_endp.o(i.EP1_OUT_Callback)
    i.EP2_IN_Callback                        0x080013e4   Section        0  usb_endp.o(i.EP2_IN_Callback)
    i.EXTI_ClearITPendingBit                 0x0800141c   Section        0  stm32f10x_exti.o(i.EXTI_ClearITPendingBit)
    i.Enter_LowPowerMode                     0x08001428   Section        0  hw_config.o(i.Enter_LowPowerMode)
    i.FLASH_ClearFlag                        0x08001434   Section        0  stm32f10x_flash.o(i.FLASH_ClearFlag)
    i.FLASH_ErasePage                        0x08001440   Section        0  stm32f10x_flash.o(i.FLASH_ErasePage)
    i.FLASH_GetBank1Status                   0x0800148c   Section        0  stm32f10x_flash.o(i.FLASH_GetBank1Status)
    i.FLASH_Lock                             0x080014c0   Section        0  stm32f10x_flash.o(i.FLASH_Lock)
    i.FLASH_PrefetchBufferCmd                0x080014d4   Section        0  stm32f10x_flash.o(i.FLASH_PrefetchBufferCmd)
    i.FLASH_ProgramWord                      0x080014f0   Section        0  stm32f10x_flash.o(i.FLASH_ProgramWord)
    i.FLASH_SetLatency                       0x0800155c   Section        0  stm32f10x_flash.o(i.FLASH_SetLatency)
    i.FLASH_Unlock                           0x08001574   Section        0  stm32f10x_flash.o(i.FLASH_Unlock)
    i.FLASH_WaitForLastOperation             0x0800158c   Section        0  stm32f10x_flash.o(i.FLASH_WaitForLastOperation)
    i.Flash_JumpToExeCode                    0x080015b4   Section        0  boot_loader.o(i.Flash_JumpToExeCode)
    i.GPIO_Init                              0x080015e8   Section        0  stm32f10x_gpio.o(i.GPIO_Init)
    i.GPIO_Pin_Setting                       0x080016fe   Section        0  common.o(i.GPIO_Pin_Setting)
    i.GPIO_ResetBits                         0x0800171e   Section        0  stm32f10x_gpio.o(i.GPIO_ResetBits)
    i.GPIO_SetBits                           0x08001722   Section        0  stm32f10x_gpio.o(i.GPIO_SetBits)
    i.GetEPRxAddr                            0x08001728   Section        0  usb_regs.o(i.GetEPRxAddr)
    i.GetEPTxAddr                            0x08001748   Section        0  usb_regs.o(i.GetEPTxAddr)
    i.GetEPTxStatus                          0x08001768   Section        0  usb_regs.o(i.GetEPTxStatus)
    i.Get_SerialNum                          0x08001780   Section        0  hw_config.o(i.Get_SerialNum)
    i.Gpio_Config                            0x08001784   Section        0  system.o(i.Gpio_Config)
    i.HardFault_Handler                      0x080017c4   Section        0  stm32_it.o(i.HardFault_Handler)
    i.In0_Process                            0x080017c8   Section        0  usb_core.o(i.In0_Process)
    i.IsUserTimeout                          0x08001838   Section        0  time_server.o(i.IsUserTimeout)
    i.Leave_LowPowerMode                     0x08001860   Section        0  hw_config.o(i.Leave_LowPowerMode)
    i.MemManage_Handler                      0x08001884   Section        0  stm32_it.o(i.MemManage_Handler)
    i.NMI_Handler                            0x08001888   Section        0  stm32_it.o(i.NMI_Handler)
    i.NOP_Process                            0x0800188a   Section        0  usb_core.o(i.NOP_Process)
    i.NVIC_Init                              0x0800188c   Section        0  misc.o(i.NVIC_Init)
    i.NVIC_PriorityGroupConfig               0x080018fc   Section        0  misc.o(i.NVIC_PriorityGroupConfig)
    i.NVIC_SetVectorTable                    0x08001910   Section        0  misc.o(i.NVIC_SetVectorTable)
    i.NoData_Setup0                          0x08001924   Section        0  usb_core.o(i.NoData_Setup0)
    NoData_Setup0                            0x08001925   Thumb Code   290  usb_core.o(i.NoData_Setup0)
    i.Nvic_Config                            0x08001a5c   Section        0  system.o(i.Nvic_Config)
    i.Out0_Process                           0x08001ae0   Section        0  usb_core.o(i.Out0_Process)
    i.PMAToUserBufferCopy                    0x08001b30   Section        0  usb_mem.o(i.PMAToUserBufferCopy)
    i.PendSV_Handler                         0x08001b58   Section        0  stm32_it.o(i.PendSV_Handler)
    i.Post0_Process                          0x08001b5c   Section        0  usb_core.o(i.Post0_Process)
    i.PowerOff                               0x08001ba4   Section        0  usb_pwr.o(i.PowerOff)
    i.PowerOn                                0x08001bcc   Section        0  usb_pwr.o(i.PowerOn)
    i.RCC_APB1PeriphClockCmd                 0x08001c10   Section        0  stm32f10x_rcc.o(i.RCC_APB1PeriphClockCmd)
    i.RCC_APB1PeriphResetCmd                 0x08001c30   Section        0  stm32f10x_rcc.o(i.RCC_APB1PeriphResetCmd)
    i.RCC_APB2PeriphClockCmd                 0x08001c50   Section        0  stm32f10x_rcc.o(i.RCC_APB2PeriphClockCmd)
    i.RCC_APB2PeriphResetCmd                 0x08001c70   Section        0  stm32f10x_rcc.o(i.RCC_APB2PeriphResetCmd)
    i.RCC_DeInit                             0x08001c90   Section        0  stm32f10x_rcc.o(i.RCC_DeInit)
    i.RCC_GetClocksFreq                      0x08001cdc   Section        0  stm32f10x_rcc.o(i.RCC_GetClocksFreq)
    i.RCC_GetFlagStatus                      0x08001db0   Section        0  stm32f10x_rcc.o(i.RCC_GetFlagStatus)
    i.RCC_GetSYSCLKSource                    0x08001dec   Section        0  stm32f10x_rcc.o(i.RCC_GetSYSCLKSource)
    i.RCC_HCLKConfig                         0x08001dfc   Section        0  stm32f10x_rcc.o(i.RCC_HCLKConfig)
    i.RCC_HSEConfig                          0x08001e14   Section        0  stm32f10x_rcc.o(i.RCC_HSEConfig)
    i.RCC_PCLK1Config                        0x08001e60   Section        0  stm32f10x_rcc.o(i.RCC_PCLK1Config)
    i.RCC_PCLK2Config                        0x08001e78   Section        0  stm32f10x_rcc.o(i.RCC_PCLK2Config)
    i.RCC_PLLCmd                             0x08001e90   Section        0  stm32f10x_rcc.o(i.RCC_PLLCmd)
    i.RCC_PLLConfig                          0x08001e9c   Section        0  stm32f10x_rcc.o(i.RCC_PLLConfig)
    i.RCC_SYSCLKConfig                       0x08001eb8   Section        0  stm32f10x_rcc.o(i.RCC_SYSCLKConfig)
    i.RCC_USBCLKConfig                       0x08001ed0   Section        0  stm32f10x_rcc.o(i.RCC_USBCLKConfig)
    i.RCC_WaitForHSEStartUp                  0x08001edc   Section        0  stm32f10x_rcc.o(i.RCC_WaitForHSEStartUp)
    i.Rcc_Config                             0x08001f14   Section        0  system.o(i.Rcc_Config)
    i.Resume                                 0x08001f7c   Section        0  usb_pwr.o(i.Resume)
    i.Resume_Init                            0x0800202c   Section        0  usb_pwr.o(i.Resume_Init)
    i.SVC_Handler                            0x08002050   Section        0  stm32_it.o(i.SVC_Handler)
    i.SYSTEM_Get_sysClockFreq                0x08002054   Section        0  system.o(i.SYSTEM_Get_sysClockFreq)
    i.SYSTEM_MYRCC_DeInit                    0x08002064   Section        0  system.o(i.SYSTEM_MYRCC_DeInit)
    i.SYSTEM_Soft_Reset                      0x080020c0   Section        0  system.o(i.SYSTEM_Soft_Reset)
    i.SetBTABLE                              0x0800210c   Section        0  usb_regs.o(i.SetBTABLE)
    i.SetDeviceAddress                       0x0800211c   Section        0  usb_core.o(i.SetDeviceAddress)
    i.SetEPRxAddr                            0x0800216c   Section        0  usb_regs.o(i.SetEPRxAddr)
    i.SetEPRxCount                           0x08002190   Section        0  usb_regs.o(i.SetEPRxCount)
    i.SetEPRxStatus                          0x080021dc   Section        0  usb_regs.o(i.SetEPRxStatus)
    i.SetEPRxValid                           0x0800221c   Section        0  usb_regs.o(i.SetEPRxValid)
    i.SetEPTxAddr                            0x08002250   Section        0  usb_regs.o(i.SetEPTxAddr)
    i.SetEPTxCount                           0x08002270   Section        0  usb_regs.o(i.SetEPTxCount)
    i.SetEPTxStatus                          0x0800228c   Section        0  usb_regs.o(i.SetEPTxStatus)
    i.SetEPTxValid                           0x080022cc   Section        0  usb_regs.o(i.SetEPTxValid)
    i.SetEPType                              0x08002300   Section        0  usb_regs.o(i.SetEPType)
    i.SetSysClock                            0x08002324   Section        0  system_stm32f10x.o(i.SetSysClock)
    SetSysClock                              0x08002325   Thumb Code     8  system_stm32f10x.o(i.SetSysClock)
    i.SetSysClockTo72                        0x0800232c   Section        0  system_stm32f10x.o(i.SetSysClockTo72)
    SetSysClockTo72                          0x0800232d   Thumb Code   214  system_stm32f10x.o(i.SetSysClockTo72)
    i.SetUserTimeout                         0x0800240c   Section        0  time_server.o(i.SetUserTimeout)
    i.Set_USBClock                           0x08002424   Section        0  hw_config.o(i.Set_USBClock)
    i.Setup0_Process                         0x08002438   Section        0  usb_core.o(i.Setup0_Process)
    i.Standard_ClearFeature                  0x080024f0   Section        0  usb_core.o(i.Standard_ClearFeature)
    i.Standard_GetConfiguration              0x0800265c   Section        0  usb_core.o(i.Standard_GetConfiguration)
    i.Standard_GetDescriptorData             0x08002688   Section        0  usb_core.o(i.Standard_GetDescriptorData)
    i.Standard_GetInterface                  0x080026ac   Section        0  usb_core.o(i.Standard_GetInterface)
    i.Standard_GetStatus                     0x080026d8   Section        0  usb_core.o(i.Standard_GetStatus)
    i.Standard_SetConfiguration              0x080027d8   Section        0  usb_core.o(i.Standard_SetConfiguration)
    i.Standard_SetDeviceFeature              0x08002820   Section        0  usb_core.o(i.Standard_SetDeviceFeature)
    i.Standard_SetEndPointFeature            0x08002848   Section        0  usb_core.o(i.Standard_SetEndPointFeature)
    i.Standard_SetInterface                  0x08002918   Section        0  usb_core.o(i.Standard_SetInterface)
    i.Suspend                                0x08002984   Section        0  usb_pwr.o(i.Suspend)
    i.SysTick_Handler                        0x080029ac   Section        0  stm32_it.o(i.SysTick_Handler)
    i.SystemInit                             0x080029b0   Section        0  system_stm32f10x.o(i.SystemInit)
    i.SystemTimerDelay_Config                0x08002a10   Section        0  system.o(i.SystemTimerDelay_Config)
    i.TIM4_IRQHandler                        0x08002a5c   Section        0  stm32_it.o(i.TIM4_IRQHandler)
    i.TIM5_IRQHandler                        0x08002ab0   Section        0  stm32_it.o(i.TIM5_IRQHandler)
    i.TIM6_IRQHandler                        0x08002ad0   Section        0  stm32_it.o(i.TIM6_IRQHandler)
    i.TIM_ARRPreloadConfig                   0x08002af0   Section        0  stm32f10x_tim.o(i.TIM_ARRPreloadConfig)
    i.TIM_ClearFlag                          0x08002b08   Section        0  stm32f10x_tim.o(i.TIM_ClearFlag)
    i.TIM_ClearITPendingBit                  0x08002b0e   Section        0  stm32f10x_tim.o(i.TIM_ClearITPendingBit)
    i.TIM_Cmd                                0x08002b14   Section        0  stm32f10x_tim.o(i.TIM_Cmd)
    i.TIM_DeInit                             0x08002b2c   Section        0  stm32f10x_tim.o(i.TIM_DeInit)
    i.TIM_GetITStatus                        0x08002d14   Section        0  stm32f10x_tim.o(i.TIM_GetITStatus)
    i.TIM_ITConfig                           0x08002d36   Section        0  stm32f10x_tim.o(i.TIM_ITConfig)
    i.TIM_TimeBaseInit                       0x08002d48   Section        0  stm32f10x_tim.o(i.TIM_TimeBaseInit)
    i.Timer5_Config                          0x08002dec   Section        0  system.o(i.Timer5_Config)
    i.USBWakeUp_IRQHandler                   0x08002e3c   Section        0  stm32_it.o(i.USBWakeUp_IRQHandler)
    i.USB_Cable_Config                       0x08002e48   Section        0  hw_config.o(i.USB_Cable_Config)
    i.USB_HP_CAN1_TX_IRQHandler              0x08002e6c   Section        0  stm32_it.o(i.USB_HP_CAN1_TX_IRQHandler)
    i.USB_Init                               0x08002e70   Section        0  usb_init.o(i.USB_Init)
    i.USB_Interrupts_Config                  0x08002eac   Section        0  hw_config.o(i.USB_Interrupts_Config)
    i.USB_Istr                               0x08002ed8   Section        0  usb_istr.o(i.USB_Istr)
    i.USB_LP_CAN1_RX0_IRQHandler             0x08002fd0   Section        0  stm32_it.o(i.USB_LP_CAN1_RX0_IRQHandler)
    i.USB_SIL_Init                           0x08002fd8   Section        0  usb_sil.o(i.USB_SIL_Init)
    i.USB_SIL_Write                          0x08002ffc   Section        0  usb_sil.o(i.USB_SIL_Write)
    i.USB_SoftConnect                        0x0800302c   Section        0  hw_config.o(i.USB_SoftConnect)
    i.UsageFault_Handler                     0x08003050   Section        0  stm32_it.o(i.UsageFault_Handler)
    i.UserToPMABufferCopy                    0x08003054   Section        0  usb_mem.o(i.UserToPMABufferCopy)
    i.__scatterload_copy                     0x0800308c   Section       14  handlers.o(i.__scatterload_copy)
    i.__scatterload_null                     0x0800309a   Section        2  handlers.o(i.__scatterload_null)
    i.__scatterload_zeroinit                 0x0800309c   Section       14  handlers.o(i.__scatterload_zeroinit)
    i.common_init                            0x080030ac   Section        0  common.o(i.common_init)
    i.flash_erase                            0x080030e4   Section        0  common.o(i.flash_erase)
    i.flash_read                             0x08003128   Section        0  common.o(i.flash_read)
    i.flash_write                            0x08003140   Section        0  common.o(i.flash_write)
    i.get_system_relative_us_count           0x08003184   Section        0  time_server.o(i.get_system_relative_us_count)
    i.get_system_timestamp                   0x080031d8   Section        0  time_server.o(i.get_system_timestamp)
    i.get_u32_from_buf                       0x080031f8   Section        0  common.o(i.get_u32_from_buf)
    i.main                                   0x08003212   Section        0  main.o(i.main)
    i.system_config                          0x08003278   Section        0  system.o(i.system_config)
    i.system_delay_ms                        0x0800329c   Section        0  time_server.o(i.system_delay_ms)
    i.task_init                              0x080032bc   Section        0  task.o(i.task_init)
    i.task_run                               0x080032dc   Section        0  task.o(i.task_run)
    i.test_thread_proc                       0x080032f8   Section        0  task.o(i.test_thread_proc)
    i.time_server_init                       0x080032fc   Section        0  time_server.o(i.time_server_init)
    i.time_server_interrupt_proc5            0x08003328   Section        0  time_server.o(i.time_server_interrupt_proc5)
    i.time_server_interrupt_proc6            0x08003380   Section        0  time_server.o(i.time_server_interrupt_proc6)
    i.usb_thread_proc                        0x08003394   Section        0  task.o(i.usb_thread_proc)
    .constdata                               0x080034e0   Section      122  usb_desc.o(.constdata)
    .constdata                               0x0800355a   Section       15  boot_loader.o(.constdata)
    .constdata                               0x08003569   Section        9  server_comm_controller.o(.constdata)
    .ARM.__AT_0x08040000                     0x08040000   Section       16  main.o(.ARM.__AT_0x08040000)
    .data                                    0x20000000   Section       20  stm32f10x_rcc.o(.data)
    APBAHBPrescTable                         0x20000000   Data          16  stm32f10x_rcc.o(.data)
    ADCPrescTable                            0x20000010   Data           4  stm32f10x_rcc.o(.data)
    .data                                    0x20000014   Section        3  usb_core.o(.data)
    .data                                    0x20000018   Section       20  usb_init.o(.data)
    .data                                    0x2000002c   Section        4  usb_int.o(.data)
    .data                                    0x20000030   Section       26  usb_desc.o(.data)
    .data                                    0x2000004c   Section       60  usb_istr.o(.data)
    .data                                    0x20000088   Section      156  usb_prop.o(.data)
    .data                                    0x20000124   Section        7  usb_pwr.o(.data)
    .data                                    0x2000012b   Section        5  common.o(.data)
    .data                                    0x20000130   Section       13  task.o(.data)
    nSendLen                                 0x20000138   Data           2  task.o(.data)
    nRecvLen                                 0x2000013a   Data           2  task.o(.data)
    isInit                                   0x2000013c   Data           1  task.o(.data)
    .data                                    0x20000140   Section       32  time_server.o(.data)
    .data                                    0x20000160   Section       16  server_comm_controller.o(.data)
    .bss                                     0x20000170   Section       28  usb_init.o(.bss)
    .bss                                     0x2000018c   Section      128  common.o(.bss)
    .bss                                     0x2000020c   Section       20  system.o(.bss)
    .bss                                     0x20000220   Section     1024  task.o(.bss)
    sendBuf                                  0x20000220   Data         512  task.o(.bss)
    recvBuf                                  0x20000420   Data         512  task.o(.bss)
    .bss                                     0x20000620   Section      128  time_server.o(.bss)
    .bss                                     0x200006a0   Section     3628  server_comm_controller.o(.bss)
    .bss                                     0x200014cc   Section      536  server_comm_protocol.o(.bss)
    headInfo                                 0x200014cc   Data          12  server_comm_protocol.o(.bss)
    headInfo                                 0x200014d8   Data          12  server_comm_protocol.o(.bss)
    tmpBuf                                   0x200014e4   Data         512  server_comm_protocol.o(.bss)
    STACK                                    0x200016e8   Section     1024  startup_stm32f10x_hd.o(STACK)

    Global Symbols

    Symbol Name                              Value     Ov Type        Size  Object(Section)

    BuildAttributes$$THM_ISAv4$P$D$K$B$S$PE$A:L22UL41UL21$X:L11$S22US41US21$IEEE1$IW$USESV6$~STKCKD$USESV7$~SHL$OSPACE$EBA8$MICROLIB$REQ8$PRES8$EABIv2 0x00000000   Number         0  anon$$obj.o ABSOLUTE
    __ARM_use_no_argv                        0x00000000   Number         0  main.o ABSOLUTE
    __cpp_initialize__aeabi_                  - Undefined Weak Reference
    __cxa_finalize                            - Undefined Weak Reference
    _clock_init                               - Undefined Weak Reference
    _microlib_exit                            - Undefined Weak Reference
    __Vectors_Size                           0x00000130   Number         0  startup_stm32f10x_hd.o ABSOLUTE
    __Vectors                                0x08000000   Data           4  startup_stm32f10x_hd.o(RESET)
    __Vectors_End                            0x08000130   Data           0  startup_stm32f10x_hd.o(RESET)
    __main                                   0x08000131   Thumb Code     0  entry.o(.ARM.Collect$$$$00000000)
    _main_stk                                0x08000131   Thumb Code     0  entry2.o(.ARM.Collect$$$$00000001)
    _main_scatterload                        0x08000135   Thumb Code     0  entry5.o(.ARM.Collect$$$$00000004)
    __main_after_scatterload                 0x08000139   Thumb Code     0  entry5.o(.ARM.Collect$$$$00000004)
    _main_clock                              0x08000139   Thumb Code     0  entry7b.o(.ARM.Collect$$$$00000008)
    _main_cpp_init                           0x08000139   Thumb Code     0  entry8b.o(.ARM.Collect$$$$0000000A)
    _main_init                               0x08000139   Thumb Code     0  entry9a.o(.ARM.Collect$$$$0000000B)
    __rt_final_cpp                           0x08000141   Thumb Code     0  entry10a.o(.ARM.Collect$$$$0000000D)
    __rt_final_exit                          0x08000141   Thumb Code     0  entry11a.o(.ARM.Collect$$$$0000000F)
    Reset_Handler                            0x08000145   Thumb Code     8  startup_stm32f10x_hd.o(.text)
    ADC1_2_IRQHandler                        0x0800015f   Thumb Code     0  startup_stm32f10x_hd.o(.text)
    ADC3_IRQHandler                          0x0800015f   Thumb Code     0  startup_stm32f10x_hd.o(.text)
    CAN1_RX1_IRQHandler                      0x0800015f   Thumb Code     0  startup_stm32f10x_hd.o(.text)
    CAN1_SCE_IRQHandler                      0x0800015f   Thumb Code     0  startup_stm32f10x_hd.o(.text)
    DMA1_Channel2_IRQHandler                 0x0800015f   Thumb Code     0  startup_stm32f10x_hd.o(.text)
    DMA1_Channel3_IRQHandler                 0x0800015f   Thumb Code     0  startup_stm32f10x_hd.o(.text)
    DMA1_Channel4_IRQHandler                 0x0800015f   Thumb Code     0  startup_stm32f10x_hd.o(.text)
    DMA1_Channel5_IRQHandler                 0x0800015f   Thumb Code     0  startup_stm32f10x_hd.o(.text)
    DMA1_Channel6_IRQHandler                 0x0800015f   Thumb Code     0  startup_stm32f10x_hd.o(.text)
    DMA1_Channel7_IRQHandler                 0x0800015f   Thumb Code     0  startup_stm32f10x_hd.o(.text)
    DMA2_Channel1_IRQHandler                 0x0800015f   Thumb Code     0  startup_stm32f10x_hd.o(.text)
    DMA2_Channel2_IRQHandler                 0x0800015f   Thumb Code     0  startup_stm32f10x_hd.o(.text)
    DMA2_Channel3_IRQHandler                 0x0800015f   Thumb Code     0  startup_stm32f10x_hd.o(.text)
    DMA2_Channel4_5_IRQHandler               0x0800015f   Thumb Code     0  startup_stm32f10x_hd.o(.text)
    EXTI0_IRQHandler                         0x0800015f   Thumb Code     0  startup_stm32f10x_hd.o(.text)
    EXTI15_10_IRQHandler                     0x0800015f   Thumb Code     0  startup_stm32f10x_hd.o(.text)
    EXTI1_IRQHandler                         0x0800015f   Thumb Code     0  startup_stm32f10x_hd.o(.text)
    EXTI2_IRQHandler                         0x0800015f   Thumb Code     0  startup_stm32f10x_hd.o(.text)
    EXTI3_IRQHandler                         0x0800015f   Thumb Code     0  startup_stm32f10x_hd.o(.text)
    EXTI4_IRQHandler                         0x0800015f   Thumb Code     0  startup_stm32f10x_hd.o(.text)
    EXTI9_5_IRQHandler                       0x0800015f   Thumb Code     0  startup_stm32f10x_hd.o(.text)
    FLASH_IRQHandler                         0x0800015f   Thumb Code     0  startup_stm32f10x_hd.o(.text)
    FSMC_IRQHandler                          0x0800015f   Thumb Code     0  startup_stm32f10x_hd.o(.text)
    I2C1_ER_IRQHandler                       0x0800015f   Thumb Code     0  startup_stm32f10x_hd.o(.text)
    I2C1_EV_IRQHandler                       0x0800015f   Thumb Code     0  startup_stm32f10x_hd.o(.text)
    I2C2_ER_IRQHandler                       0x0800015f   Thumb Code     0  startup_stm32f10x_hd.o(.text)
    I2C2_EV_IRQHandler                       0x0800015f   Thumb Code     0  startup_stm32f10x_hd.o(.text)
    PVD_IRQHandler                           0x0800015f   Thumb Code     0  startup_stm32f10x_hd.o(.text)
    RCC_IRQHandler                           0x0800015f   Thumb Code     0  startup_stm32f10x_hd.o(.text)
    RTCAlarm_IRQHandler                      0x0800015f   Thumb Code     0  startup_stm32f10x_hd.o(.text)
    RTC_IRQHandler                           0x0800015f   Thumb Code     0  startup_stm32f10x_hd.o(.text)
    SDIO_IRQHandler                          0x0800015f   Thumb Code     0  startup_stm32f10x_hd.o(.text)
    SPI1_IRQHandler                          0x0800015f   Thumb Code     0  startup_stm32f10x_hd.o(.text)
    SPI2_IRQHandler                          0x0800015f   Thumb Code     0  startup_stm32f10x_hd.o(.text)
    SPI3_IRQHandler                          0x0800015f   Thumb Code     0  startup_stm32f10x_hd.o(.text)
    TAMPER_IRQHandler                        0x0800015f   Thumb Code     0  startup_stm32f10x_hd.o(.text)
    TIM1_BRK_IRQHandler                      0x0800015f   Thumb Code     0  startup_stm32f10x_hd.o(.text)
    TIM1_CC_IRQHandler                       0x0800015f   Thumb Code     0  startup_stm32f10x_hd.o(.text)
    TIM1_TRG_COM_IRQHandler                  0x0800015f   Thumb Code     0  startup_stm32f10x_hd.o(.text)
    TIM1_UP_IRQHandler                       0x0800015f   Thumb Code     0  startup_stm32f10x_hd.o(.text)
    TIM2_IRQHandler                          0x0800015f   Thumb Code     0  startup_stm32f10x_hd.o(.text)
    TIM3_IRQHandler                          0x0800015f   Thumb Code     0  startup_stm32f10x_hd.o(.text)
    TIM7_IRQHandler                          0x0800015f   Thumb Code     0  startup_stm32f10x_hd.o(.text)
    TIM8_BRK_IRQHandler                      0x0800015f   Thumb Code     0  startup_stm32f10x_hd.o(.text)
    TIM8_CC_IRQHandler                       0x0800015f   Thumb Code     0  startup_stm32f10x_hd.o(.text)
    TIM8_TRG_COM_IRQHandler                  0x0800015f   Thumb Code     0  startup_stm32f10x_hd.o(.text)
    TIM8_UP_IRQHandler                       0x0800015f   Thumb Code     0  startup_stm32f10x_hd.o(.text)
    UART4_IRQHandler                         0x0800015f   Thumb Code     0  startup_stm32f10x_hd.o(.text)
    UART5_IRQHandler                         0x0800015f   Thumb Code     0  startup_stm32f10x_hd.o(.text)
    USART1_IRQHandler                        0x0800015f   Thumb Code     0  startup_stm32f10x_hd.o(.text)
    USART2_IRQHandler                        0x0800015f   Thumb Code     0  startup_stm32f10x_hd.o(.text)
    USART3_IRQHandler                        0x0800015f   Thumb Code     0  startup_stm32f10x_hd.o(.text)
    WWDG_IRQHandler                          0x0800015f   Thumb Code     0  startup_stm32f10x_hd.o(.text)
    __aeabi_memcpy                           0x08000169   Thumb Code    36  memcpya.o(.text)
    __aeabi_memcpy4                          0x08000169   Thumb Code     0  memcpya.o(.text)
    __aeabi_memcpy8                          0x08000169   Thumb Code     0  memcpya.o(.text)
    __aeabi_memset                           0x0800018d   Thumb Code    14  memseta.o(.text)
    __aeabi_memset4                          0x0800018d   Thumb Code     0  memseta.o(.text)
    __aeabi_memset8                          0x0800018d   Thumb Code     0  memseta.o(.text)
    __aeabi_memclr                           0x0800019b   Thumb Code     4  memseta.o(.text)
    __aeabi_memclr4                          0x0800019b   Thumb Code     0  memseta.o(.text)
    __aeabi_memclr8                          0x0800019b   Thumb Code     0  memseta.o(.text)
    _memset$wrapper                          0x0800019f   Thumb Code    18  memseta.o(.text)
    strlen                                   0x080001b1   Thumb Code    14  strlen.o(.text)
    __scatterload                            0x080001c1   Thumb Code    28  init.o(.text)
    __scatterload_rt2                        0x080001c1   Thumb Code     0  init.o(.text)
    __decompress                             0x080001e5   Thumb Code     0  __dczerorl2.o(.text)
    __decompress1                            0x080001e5   Thumb Code    86  __dczerorl2.o(.text)
    Bootloader_Check_App_FW_Validity         0x0800023d   Thumb Code    38  boot_loader.o(i.Bootloader_Check_App_FW_Validity)
    Bootloader_closeBsp                      0x0800026d   Thumb Code    74  boot_loader.o(i.Bootloader_closeBsp)
    Bootloader_flag_erase                    0x080002d5   Thumb Code    14  boot_loader.o(i.Bootloader_flag_erase)
    BusFault_Handler                         0x080002e9   Thumb Code     4  stm32_it.o(i.BusFault_Handler)
    ByteSwap                                 0x080002ed   Thumb Code    12  usb_regs.o(i.ByteSwap)
    CTR_LP                                   0x080002f9   Thumb Code   616  usb_int.o(i.CTR_LP)
    ClearDTOG_RX                             0x08000581   Thumb Code    48  usb_regs.o(i.ClearDTOG_RX)
    ClearDTOG_TX                             0x080005b5   Thumb Code    48  usb_regs.o(i.ClearDTOG_TX)
    Clear_Status_Out                         0x080005e9   Thumb Code    34  usb_regs.o(i.Clear_Status_Out)
    CommController_GetFirmware               0x08000611   Thumb Code    46  server_comm_controller.o(i.CommController_GetFirmware)
    CommController_Init                      0x08000645   Thumb Code    16  server_comm_controller.o(i.CommController_Init)
    CommController_JustResponseOk            0x08000661   Thumb Code    14  server_comm_controller.o(i.CommController_JustResponseOk)
    CommController_PhySend                   0x08000671   Thumb Code   124  server_comm_controller.o(i.CommController_PhySend)
    CommController_Ping                      0x080006f1   Thumb Code    18  server_comm_controller.o(i.CommController_Ping)
    CommController_RecvThread                0x08000705   Thumb Code   132  server_comm_controller.o(i.CommController_RecvThread)
    CommController_SendBuf                   0x080007a1   Thumb Code    26  server_comm_controller.o(i.CommController_SendBuf)
    CommController_SendRetry                 0x080007c5   Thumb Code    16  server_comm_controller.o(i.CommController_SendRetry)
    CommController_SoftReset                 0x080007dd   Thumb Code    24  server_comm_controller.o(i.CommController_SoftReset)
    CommController_Stm32Flash                0x080007f9   Thumb Code   170  server_comm_controller.o(i.CommController_Stm32Flash)
    CommController_Stm32FlashDecode          0x080008a3   Thumb Code    80  server_comm_controller.o(i.CommController_Stm32FlashDecode)
    Comm_Crc16Calc                           0x080008f3   Thumb Code    52  server_comm_protocol.o(i.Comm_Crc16Calc)
    Comm_Crc16Init                           0x08000927   Thumb Code    72  server_comm_protocol.o(i.Comm_Crc16Init)
    Comm_Decoder                             0x08000971   Thumb Code   148  server_comm_protocol.o(i.Comm_Decoder)
    Comm_Encoder                             0x08000a09   Thumb Code   116  server_comm_protocol.o(i.Comm_Encoder)
    Comm_GetHeadFromBuf                      0x08000a81   Thumb Code    46  server_comm_protocol.o(i.Comm_GetHeadFromBuf)
    Comm_GetU16FromBuf                       0x08000aaf   Thumb Code    14  server_comm_protocol.o(i.Comm_GetU16FromBuf)
    Comm_GetU32FromBuf                       0x08000abd   Thumb Code    26  server_comm_protocol.o(i.Comm_GetU32FromBuf)
    Comm_Init                                0x08000ad7   Thumb Code    36  server_comm_protocol.o(i.Comm_Init)
    Comm_RecvBytes                           0x08000afb   Thumb Code   288  server_comm_protocol.o(i.Comm_RecvBytes)
    Comm_RecvReset                           0x08000c1b   Thumb Code    28  server_comm_protocol.o(i.Comm_RecvReset)
    Comm_SendBytes                           0x08000c37   Thumb Code    74  server_comm_protocol.o(i.Comm_SendBytes)
    Comm_SendReset                           0x08000c81   Thumb Code    22  server_comm_protocol.o(i.Comm_SendReset)
    Comm_SendRetry                           0x08000c99   Thumb Code    56  server_comm_protocol.o(i.Comm_SendRetry)
    Comm_SetHeadToBuf                        0x08000cd5   Thumb Code    46  server_comm_protocol.o(i.Comm_SetHeadToBuf)
    Comm_SetU16ToBuf                         0x08000d03   Thumb Code     8  server_comm_protocol.o(i.Comm_SetU16ToBuf)
    Comm_SetU32ToBuf                         0x08000d0b   Thumb Code    16  server_comm_protocol.o(i.Comm_SetU32ToBuf)
    CustomHID_Data_Setup                     0x08000d1d   Thumb Code   112  usb_prop.o(i.CustomHID_Data_Setup)
    CustomHID_GetConfigDescriptor            0x08000d9d   Thumb Code    14  usb_prop.o(i.CustomHID_GetConfigDescriptor)
    CustomHID_GetDeviceDescriptor            0x08000db1   Thumb Code    14  usb_prop.o(i.CustomHID_GetDeviceDescriptor)
    CustomHID_GetHIDDescriptor               0x08000dc5   Thumb Code    14  usb_prop.o(i.CustomHID_GetHIDDescriptor)
    CustomHID_GetProtocolValue               0x08000dd9   Thumb Code    20  usb_prop.o(i.CustomHID_GetProtocolValue)
    CustomHID_GetReportDescriptor            0x08000df5   Thumb Code    14  usb_prop.o(i.CustomHID_GetReportDescriptor)
    CustomHID_GetStringDescriptor            0x08000e09   Thumb Code    32  usb_prop.o(i.CustomHID_GetStringDescriptor)
    CustomHID_Get_Interface_Setting          0x08000e31   Thumb Code    22  usb_prop.o(i.CustomHID_Get_Interface_Setting)
    CustomHID_NoData_Setup                   0x08000e49   Thumb Code    32  usb_prop.o(i.CustomHID_NoData_Setup)
    CustomHID_Reset                          0x08000e6d   Thumb Code   176  usb_prop.o(i.CustomHID_Reset)
    CustomHID_SetConfiguration               0x08000f2d   Thumb Code    16  usb_prop.o(i.CustomHID_SetConfiguration)
    CustomHID_SetDeviceAddress               0x08000f45   Thumb Code     8  usb_prop.o(i.CustomHID_SetDeviceAddress)
    CustomHID_SetProtocol                    0x08000f51   Thumb Code    14  usb_prop.o(i.CustomHID_SetProtocol)
    CustomHID_Status_In                      0x08000f69   Thumb Code     2  usb_prop.o(i.CustomHID_Status_In)
    CustomHID_Status_Out                     0x08000f6b   Thumb Code     2  usb_prop.o(i.CustomHID_Status_Out)
    CustomHID_init                           0x08000f6d   Thumb Code    30  usb_prop.o(i.CustomHID_init)
    DBGMCU_Config                            0x08000f95   Thumb Code    26  stm32f10x_dbgmcu.o(i.DBGMCU_Config)
    DMA1_Channel1_IRQHandler                 0x08000fb5   Thumb Code     2  stm32_it.o(i.DMA1_Channel1_IRQHandler)
    DebugMon_Handler                         0x080013cd   Thumb Code     2  stm32_it.o(i.DebugMon_Handler)
    EP1_OUT_Callback                         0x080013d1   Thumb Code    14  usb_endp.o(i.EP1_OUT_Callback)
    EP2_IN_Callback                          0x080013e5   Thumb Code    46  usb_endp.o(i.EP2_IN_Callback)
    EXTI_ClearITPendingBit                   0x0800141d   Thumb Code     6  stm32f10x_exti.o(i.EXTI_ClearITPendingBit)
    Enter_LowPowerMode                       0x08001429   Thumb Code     8  hw_config.o(i.Enter_LowPowerMode)
    FLASH_ClearFlag                          0x08001435   Thumb Code     6  stm32f10x_flash.o(i.FLASH_ClearFlag)
    FLASH_ErasePage                          0x08001441   Thumb Code    72  stm32f10x_flash.o(i.FLASH_ErasePage)
    FLASH_GetBank1Status                     0x0800148d   Thumb Code    48  stm32f10x_flash.o(i.FLASH_GetBank1Status)
    FLASH_Lock                               0x080014c1   Thumb Code    14  stm32f10x_flash.o(i.FLASH_Lock)
    FLASH_PrefetchBufferCmd                  0x080014d5   Thumb Code    22  stm32f10x_flash.o(i.FLASH_PrefetchBufferCmd)
    FLASH_ProgramWord                        0x080014f1   Thumb Code   102  stm32f10x_flash.o(i.FLASH_ProgramWord)
    FLASH_SetLatency                         0x0800155d   Thumb Code    18  stm32f10x_flash.o(i.FLASH_SetLatency)
    FLASH_Unlock                             0x08001575   Thumb Code    12  stm32f10x_flash.o(i.FLASH_Unlock)
    FLASH_WaitForLastOperation               0x0800158d   Thumb Code    38  stm32f10x_flash.o(i.FLASH_WaitForLastOperation)
    Flash_JumpToExeCode                      0x080015b5   Thumb Code    42  boot_loader.o(i.Flash_JumpToExeCode)
    GPIO_Init                                0x080015e9   Thumb Code   278  stm32f10x_gpio.o(i.GPIO_Init)
    GPIO_Pin_Setting                         0x080016ff   Thumb Code    32  common.o(i.GPIO_Pin_Setting)
    GPIO_ResetBits                           0x0800171f   Thumb Code     4  stm32f10x_gpio.o(i.GPIO_ResetBits)
    GPIO_SetBits                             0x08001723   Thumb Code     4  stm32f10x_gpio.o(i.GPIO_SetBits)
    GetEPRxAddr                              0x08001729   Thumb Code    24  usb_regs.o(i.GetEPRxAddr)
    GetEPTxAddr                              0x08001749   Thumb Code    22  usb_regs.o(i.GetEPTxAddr)
    GetEPTxStatus                            0x08001769   Thumb Code    18  usb_regs.o(i.GetEPTxStatus)
    Get_SerialNum                            0x08001781   Thumb Code     2  hw_config.o(i.Get_SerialNum)
    Gpio_Config                              0x08001785   Thumb Code    58  system.o(i.Gpio_Config)
    HardFault_Handler                        0x080017c5   Thumb Code     4  stm32_it.o(i.HardFault_Handler)
    In0_Process                              0x080017c9   Thumb Code    98  usb_core.o(i.In0_Process)
    IsUserTimeout                            0x08001839   Thumb Code    32  time_server.o(i.IsUserTimeout)
    Leave_LowPowerMode                       0x08001861   Thumb Code    28  hw_config.o(i.Leave_LowPowerMode)
    MemManage_Handler                        0x08001885   Thumb Code     4  stm32_it.o(i.MemManage_Handler)
    NMI_Handler                              0x08001889   Thumb Code     2  stm32_it.o(i.NMI_Handler)
    NOP_Process                              0x0800188b   Thumb Code     2  usb_core.o(i.NOP_Process)
    NVIC_Init                                0x0800188d   Thumb Code   100  misc.o(i.NVIC_Init)
    NVIC_PriorityGroupConfig                 0x080018fd   Thumb Code    10  misc.o(i.NVIC_PriorityGroupConfig)
    NVIC_SetVectorTable                      0x08001911   Thumb Code    12  misc.o(i.NVIC_SetVectorTable)
    Nvic_Config                              0x08001a5d   Thumb Code   130  system.o(i.Nvic_Config)
    Out0_Process                             0x08001ae1   Thumb Code    70  usb_core.o(i.Out0_Process)
    PMAToUserBufferCopy                      0x08001b31   Thumb Code    34  usb_mem.o(i.PMAToUserBufferCopy)
    PendSV_Handler                           0x08001b59   Thumb Code     2  stm32_it.o(i.PendSV_Handler)
    Post0_Process                            0x08001b5d   Thumb Code    54  usb_core.o(i.Post0_Process)
    PowerOff                                 0x08001ba5   Thumb Code    34  usb_pwr.o(i.PowerOff)
    PowerOn                                  0x08001bcd   Thumb Code    60  usb_pwr.o(i.PowerOn)
    RCC_APB1PeriphClockCmd                   0x08001c11   Thumb Code    26  stm32f10x_rcc.o(i.RCC_APB1PeriphClockCmd)
    RCC_APB1PeriphResetCmd                   0x08001c31   Thumb Code    26  stm32f10x_rcc.o(i.RCC_APB1PeriphResetCmd)
    RCC_APB2PeriphClockCmd                   0x08001c51   Thumb Code    26  stm32f10x_rcc.o(i.RCC_APB2PeriphClockCmd)
    RCC_APB2PeriphResetCmd                   0x08001c71   Thumb Code    26  stm32f10x_rcc.o(i.RCC_APB2PeriphResetCmd)
    RCC_DeInit                               0x08001c91   Thumb Code    64  stm32f10x_rcc.o(i.RCC_DeInit)
    RCC_GetClocksFreq                        0x08001cdd   Thumb Code   192  stm32f10x_rcc.o(i.RCC_GetClocksFreq)
    RCC_GetFlagStatus                        0x08001db1   Thumb Code    56  stm32f10x_rcc.o(i.RCC_GetFlagStatus)
    RCC_GetSYSCLKSource                      0x08001ded   Thumb Code    10  stm32f10x_rcc.o(i.RCC_GetSYSCLKSource)
    RCC_HCLKConfig                           0x08001dfd   Thumb Code    18  stm32f10x_rcc.o(i.RCC_HCLKConfig)
    RCC_HSEConfig                            0x08001e15   Thumb Code    70  stm32f10x_rcc.o(i.RCC_HSEConfig)
    RCC_PCLK1Config                          0x08001e61   Thumb Code    18  stm32f10x_rcc.o(i.RCC_PCLK1Config)
    RCC_PCLK2Config                          0x08001e79   Thumb Code    20  stm32f10x_rcc.o(i.RCC_PCLK2Config)
    RCC_PLLCmd                               0x08001e91   Thumb Code     6  stm32f10x_rcc.o(i.RCC_PLLCmd)
    RCC_PLLConfig                            0x08001e9d   Thumb Code    24  stm32f10x_rcc.o(i.RCC_PLLConfig)
    RCC_SYSCLKConfig                         0x08001eb9   Thumb Code    18  stm32f10x_rcc.o(i.RCC_SYSCLKConfig)
    RCC_USBCLKConfig                         0x08001ed1   Thumb Code     6  stm32f10x_rcc.o(i.RCC_USBCLKConfig)
    RCC_WaitForHSEStartUp                    0x08001edd   Thumb Code    56  stm32f10x_rcc.o(i.RCC_WaitForHSEStartUp)
    Rcc_Config                               0x08001f15   Thumb Code   102  system.o(i.Rcc_Config)
    Resume                                   0x08001f7d   Thumb Code   168  usb_pwr.o(i.Resume)
    Resume_Init                              0x0800202d   Thumb Code    30  usb_pwr.o(i.Resume_Init)
    SVC_Handler                              0x08002051   Thumb Code     2  stm32_it.o(i.SVC_Handler)
    SYSTEM_Get_sysClockFreq                  0x08002055   Thumb Code    10  system.o(i.SYSTEM_Get_sysClockFreq)
    SYSTEM_MYRCC_DeInit                      0x08002065   Thumb Code    78  system.o(i.SYSTEM_MYRCC_DeInit)
    SYSTEM_Soft_Reset                        0x080020c1   Thumb Code    66  system.o(i.SYSTEM_Soft_Reset)
    SetBTABLE                                0x0800210d   Thumb Code    12  usb_regs.o(i.SetBTABLE)
    SetDeviceAddress                         0x0800211d   Thumb Code    68  usb_core.o(i.SetDeviceAddress)
    SetEPRxAddr                              0x0800216d   Thumb Code    26  usb_regs.o(i.SetEPRxAddr)
    SetEPRxCount                             0x08002191   Thumb Code    68  usb_regs.o(i.SetEPRxCount)
    SetEPRxStatus                            0x080021dd   Thumb Code    60  usb_regs.o(i.SetEPRxStatus)
    SetEPRxValid                             0x0800221d   Thumb Code    48  usb_regs.o(i.SetEPRxValid)
    SetEPTxAddr                              0x08002251   Thumb Code    24  usb_regs.o(i.SetEPTxAddr)
    SetEPTxCount                             0x08002271   Thumb Code    20  usb_regs.o(i.SetEPTxCount)
    SetEPTxStatus                            0x0800228d   Thumb Code    60  usb_regs.o(i.SetEPTxStatus)
    SetEPTxValid                             0x080022cd   Thumb Code    48  usb_regs.o(i.SetEPTxValid)
    SetEPType                                0x08002301   Thumb Code    32  usb_regs.o(i.SetEPType)
    SetUserTimeout                           0x0800240d   Thumb Code    16  time_server.o(i.SetUserTimeout)
    Set_USBClock                             0x08002425   Thumb Code    18  hw_config.o(i.Set_USBClock)
    Setup0_Process                           0x08002439   Thumb Code   170  usb_core.o(i.Setup0_Process)
    Standard_ClearFeature                    0x080024f1   Thumb Code   342  usb_core.o(i.Standard_ClearFeature)
    Standard_GetConfiguration                0x0800265d   Thumb Code    34  usb_core.o(i.Standard_GetConfiguration)
    Standard_GetDescriptorData               0x08002689   Thumb Code    32  usb_core.o(i.Standard_GetDescriptorData)
    Standard_GetInterface                    0x080026ad   Thumb Code    34  usb_core.o(i.Standard_GetInterface)
    Standard_GetStatus                       0x080026d9   Thumb Code   238  usb_core.o(i.Standard_GetStatus)
    Standard_SetConfiguration                0x080027d9   Thumb Code    60  usb_core.o(i.Standard_SetConfiguration)
    Standard_SetDeviceFeature                0x08002821   Thumb Code    30  usb_core.o(i.Standard_SetDeviceFeature)
    Standard_SetEndPointFeature              0x08002849   Thumb Code   192  usb_core.o(i.Standard_SetEndPointFeature)
    Standard_SetInterface                    0x08002919   Thumb Code    96  usb_core.o(i.Standard_SetInterface)
    Suspend                                  0x08002985   Thumb Code    34  usb_pwr.o(i.Suspend)
    SysTick_Handler                          0x080029ad   Thumb Code     2  stm32_it.o(i.SysTick_Handler)
    SystemInit                               0x080029b1   Thumb Code    78  system_stm32f10x.o(i.SystemInit)
    SystemTimerDelay_Config                  0x08002a11   Thumb Code    70  system.o(i.SystemTimerDelay_Config)
    TIM4_IRQHandler                          0x08002a5d   Thumb Code    66  stm32_it.o(i.TIM4_IRQHandler)
    TIM5_IRQHandler                          0x08002ab1   Thumb Code    26  stm32_it.o(i.TIM5_IRQHandler)
    TIM6_IRQHandler                          0x08002ad1   Thumb Code    26  stm32_it.o(i.TIM6_IRQHandler)
    TIM_ARRPreloadConfig                     0x08002af1   Thumb Code    24  stm32f10x_tim.o(i.TIM_ARRPreloadConfig)
    TIM_ClearFlag                            0x08002b09   Thumb Code     6  stm32f10x_tim.o(i.TIM_ClearFlag)
    TIM_ClearITPendingBit                    0x08002b0f   Thumb Code     6  stm32f10x_tim.o(i.TIM_ClearITPendingBit)
    TIM_Cmd                                  0x08002b15   Thumb Code    24  stm32f10x_tim.o(i.TIM_Cmd)
    TIM_DeInit                               0x08002b2d   Thumb Code   424  stm32f10x_tim.o(i.TIM_DeInit)
    TIM_GetITStatus                          0x08002d15   Thumb Code    34  stm32f10x_tim.o(i.TIM_GetITStatus)
    TIM_ITConfig                             0x08002d37   Thumb Code    18  stm32f10x_tim.o(i.TIM_ITConfig)
    TIM_TimeBaseInit                         0x08002d49   Thumb Code   122  stm32f10x_tim.o(i.TIM_TimeBaseInit)
    Timer5_Config                            0x08002ded   Thumb Code    76  system.o(i.Timer5_Config)
    USBWakeUp_IRQHandler                     0x08002e3d   Thumb Code    12  stm32_it.o(i.USBWakeUp_IRQHandler)
    USB_Cable_Config                         0x08002e49   Thumb Code    30  hw_config.o(i.USB_Cable_Config)
    USB_HP_CAN1_TX_IRQHandler                0x08002e6d   Thumb Code     2  stm32_it.o(i.USB_HP_CAN1_TX_IRQHandler)
    USB_Init                                 0x08002e71   Thumb Code    36  usb_init.o(i.USB_Init)
    USB_Interrupts_Config                    0x08002ead   Thumb Code    42  hw_config.o(i.USB_Interrupts_Config)
    USB_Istr                                 0x08002ed9   Thumb Code   222  usb_istr.o(i.USB_Istr)
    USB_LP_CAN1_RX0_IRQHandler               0x08002fd1   Thumb Code     8  stm32_it.o(i.USB_LP_CAN1_RX0_IRQHandler)
    USB_SIL_Init                             0x08002fd9   Thumb Code    28  usb_sil.o(i.USB_SIL_Init)
    USB_SIL_Write                            0x08002ffd   Thumb Code    46  usb_sil.o(i.USB_SIL_Write)
    USB_SoftConnect                          0x0800302d   Thumb Code    30  hw_config.o(i.USB_SoftConnect)
    UsageFault_Handler                       0x08003051   Thumb Code     4  stm32_it.o(i.UsageFault_Handler)
    UserToPMABufferCopy                      0x08003055   Thumb Code    52  usb_mem.o(i.UserToPMABufferCopy)
    __scatterload_copy                       0x0800308d   Thumb Code    14  handlers.o(i.__scatterload_copy)
    __scatterload_null                       0x0800309b   Thumb Code     2  handlers.o(i.__scatterload_null)
    __scatterload_zeroinit                   0x0800309d   Thumb Code    14  handlers.o(i.__scatterload_zeroinit)
    common_init                              0x080030ad   Thumb Code    36  common.o(i.common_init)
    flash_erase                              0x080030e5   Thumb Code    62  common.o(i.flash_erase)
    flash_read                               0x08003129   Thumb Code    22  common.o(i.flash_read)
    flash_write                              0x08003141   Thumb Code    62  common.o(i.flash_write)
    get_system_relative_us_count             0x08003185   Thumb Code    76  time_server.o(i.get_system_relative_us_count)
    get_system_timestamp                     0x080031d9   Thumb Code    24  time_server.o(i.get_system_timestamp)
    get_u32_from_buf                         0x080031f9   Thumb Code    26  common.o(i.get_u32_from_buf)
    main                                     0x08003213   Thumb Code   102  main.o(i.main)
    system_config                            0x08003279   Thumb Code    36  system.o(i.system_config)
    system_delay_ms                          0x0800329d   Thumb Code    32  time_server.o(i.system_delay_ms)
    task_init                                0x080032bd   Thumb Code    28  task.o(i.task_init)
    task_run                                 0x080032dd   Thumb Code    24  task.o(i.task_run)
    test_thread_proc                         0x080032f9   Thumb Code     4  task.o(i.test_thread_proc)
    time_server_init                         0x080032fd   Thumb Code    26  time_server.o(i.time_server_init)
    time_server_interrupt_proc5              0x08003329   Thumb Code    80  time_server.o(i.time_server_interrupt_proc5)
    time_server_interrupt_proc6              0x08003381   Thumb Code    16  time_server.o(i.time_server_interrupt_proc6)
    usb_thread_proc                          0x08003395   Thumb Code   288  task.o(i.usb_thread_proc)
    CustomHID_DeviceDescriptor               0x080034e0   Data          18  usb_desc.o(.constdata)
    CustomHID_ConfigDescriptor               0x080034f2   Data          41  usb_desc.o(.constdata)
    CustomHID_ReportDescriptor               0x0800351b   Data          33  usb_desc.o(.constdata)
    CustomHID_StringLangID                   0x0800353c   Data           4  usb_desc.o(.constdata)
    CustomHID_StringVendor                   0x08003540   Data          14  usb_desc.o(.constdata)
    CustomHID_StringProduct                  0x0800354e   Data          12  usb_desc.o(.constdata)
    g_APP_Flag                               0x0800355a   Data          15  boot_loader.o(.constdata)
    g_strFirmware                            0x08003569   Data           9  server_comm_controller.o(.constdata)
    Region$$Table$$Base                      0x08003574   Number         0  anon$$obj.o(Region$$Table)
    Region$$Table$$Limit                     0x08003594   Number         0  anon$$obj.o(Region$$Table)
    g_Invalide_APP_Flag_InBootloader         0x08040000   Data          16  main.o(.ARM.__AT_0x08040000)
    StatusInfo                               0x20000014   Data           2  usb_core.o(.data)
    Data_Mul_MaxPacketSize                   0x20000016   Data           1  usb_core.o(.data)
    EPindex                                  0x20000018   Data           1  usb_init.o(.data)
    pInformation                             0x2000001c   Data           4  usb_init.o(.data)
    pProperty                                0x20000020   Data           4  usb_init.o(.data)
    SaveState                                0x20000024   Data           2  usb_init.o(.data)
    wInterrupt_Mask                          0x20000026   Data           2  usb_init.o(.data)
    pUser_Standard_Requests                  0x20000028   Data           4  usb_init.o(.data)
    SaveRState                               0x2000002c   Data           2  usb_int.o(.data)
    SaveTState                               0x2000002e   Data           2  usb_int.o(.data)
    CustomHID_StringSerial                   0x20000030   Data          26  usb_desc.o(.data)
    wIstr                                    0x2000004c   Data           2  usb_istr.o(.data)
    bIntPackSOF                              0x2000004e   Data           1  usb_istr.o(.data)
    pEpInt_IN                                0x20000050   Data          28  usb_istr.o(.data)
    pEpInt_OUT                               0x2000006c   Data          28  usb_istr.o(.data)
    ProtocolValue                            0x20000088   Data           4  usb_prop.o(.data)
    Device_Table                             0x2000008c   Data           2  usb_prop.o(.data)
    Device_Property                          0x20000090   Data          48  usb_prop.o(.data)
    User_Standard_Requests                   0x200000c0   Data          36  usb_prop.o(.data)
    Device_Descriptor                        0x200000e4   Data           8  usb_prop.o(.data)
    Config_Descriptor                        0x200000ec   Data           8  usb_prop.o(.data)
    CustomHID_Report_Descriptor              0x200000f4   Data           8  usb_prop.o(.data)
    CustomHID_Hid_Descriptor                 0x200000fc   Data           8  usb_prop.o(.data)
    String_Descriptor                        0x20000104   Data          32  usb_prop.o(.data)
    bDeviceState                             0x20000124   Data           4  usb_pwr.o(.data)
    fSuspendEnabled                          0x20000128   Data           1  usb_pwr.o(.data)
    ResumeS                                  0x20000129   Data           2  usb_pwr.o(.data)
    g_bUsbSendReady                          0x2000012b   Data           1  common.o(.data)
    g_bUsbRecvReady                          0x2000012c   Data           1  common.o(.data)
    g_nStm32SoftResetFlag                    0x2000012d   Data           1  common.o(.data)
    g_FLASHStatus                            0x2000012e   Data           1  common.o(.data)
    g_MemoryProgramStatus                    0x2000012f   Data           1  common.o(.data)
    g_bOnlyUsbThreadRun                      0x20000130   Data           1  task.o(.data)
    g_nUsbRecvTimeout                        0x20000134   Data           4  task.o(.data)
    g_nUserTimeout                           0x20000140   Data           4  time_server.o(.data)
    g_isLockSysTimestamp                     0x20000144   Data           1  time_server.o(.data)
    g_sysTimestamp                           0x20000148   Data           8  time_server.o(.data)
    g_userTimestamp                          0x20000150   Data           8  time_server.o(.data)
    g_time_server_proc_run5                  0x20000158   Data           4  time_server.o(.data)
    g_time_server_proc_run6                  0x2000015c   Data           4  time_server.o(.data)
    g_nCommCtrlRecvDoneFlag                  0x20000160   Data           1  server_comm_controller.o(.data)
    g_pCommCtrlRecvLen                       0x20000164   Data           4  server_comm_controller.o(.data)
    g_pCommCtrlRecvBuf                       0x20000168   Data           4  server_comm_controller.o(.data)
    g_nCommCtrlSendLen                       0x2000016c   Data           2  server_comm_controller.o(.data)
    g_nCommCtrlRecvLen                       0x2000016e   Data           2  server_comm_controller.o(.data)
    Device_Info                              0x20000170   Data          28  usb_init.o(.bss)
    g_usbSendBuf                             0x2000018c   Data          64  common.o(.bss)
    g_usbRecvBuf                             0x200001cc   Data          64  common.o(.bss)
    g_System_RCC_Clocks                      0x2000020c   Data          20  system.o(.bss)
    g_delayRunTasks                          0x20000620   Data         128  time_server.o(.bss)
    g_strCommCtrlSendBuf                     0x200006a0   Data         512  server_comm_controller.o(.bss)
    g_stCommControllerRecvBuf                0x200008a0   Data         512  server_comm_controller.o(.bss)
    g_strCommCtrlTmpBuf8                     0x20000aa0   Data         512  server_comm_controller.o(.bss)
    g_strCommCtrlTmpBuf16                    0x20000ca0   Data         512  server_comm_controller.o(.bss)
    g_usbComm                                0x20000ea0   Data        1580  server_comm_controller.o(.bss)
    __initial_sp                             0x20001ae8   Data           0  startup_stm32f10x_hd.o(STACK)



==============================================================================

Memory Map of the image

  Image Entry point : 0x08000131

  Load Region LR_IROM1 (Base: 0x08000000, Size: 0x00003704, Max: 0x00080000, ABSOLUTE, COMPRESSED[0x00003630])

    Execution Region ER_IROM1 (Base: 0x08000000, Size: 0x00003594, Max: 0x00080000, ABSOLUTE)

    Base Addr    Size         Type   Attr      Idx    E Section Name        Object

    0x08000000   0x00000130   Data   RO         4451    RESET               startup_stm32f10x_hd.o
    0x08000130   0x00000000   Code   RO         5292  * .ARM.Collect$$$$00000000  mc_w.l(entry.o)
    0x08000130   0x00000004   Code   RO         5303    .ARM.Collect$$$$00000001  mc_w.l(entry2.o)
    0x08000134   0x00000004   Code   RO         5306    .ARM.Collect$$$$00000004  mc_w.l(entry5.o)
    0x08000138   0x00000000   Code   RO         5308    .ARM.Collect$$$$00000008  mc_w.l(entry7b.o)
    0x08000138   0x00000000   Code   RO         5310    .ARM.Collect$$$$0000000A  mc_w.l(entry8b.o)
    0x08000138   0x00000008   Code   RO         5311    .ARM.Collect$$$$0000000B  mc_w.l(entry9a.o)
    0x08000140   0x00000000   Code   RO         5313    .ARM.Collect$$$$0000000D  mc_w.l(entry10a.o)
    0x08000140   0x00000000   Code   RO         5315    .ARM.Collect$$$$0000000F  mc_w.l(entry11a.o)
    0x08000140   0x00000004   Code   RO         5304    .ARM.Collect$$$$00002712  mc_w.l(entry2.o)
    0x08000144   0x00000024   Code   RO         4452    .text               startup_stm32f10x_hd.o
    0x08000168   0x00000024   Code   RO         5295    .text               mc_w.l(memcpya.o)
    0x0800018c   0x00000024   Code   RO         5297    .text               mc_w.l(memseta.o)
    0x080001b0   0x0000000e   Code   RO         5299    .text               mc_w.l(strlen.o)
    0x080001be   0x00000002   PAD
    0x080001c0   0x00000024   Code   RO         5317    .text               mc_w.l(init.o)
    0x080001e4   0x00000056   Code   RO         5327    .text               mc_w.l(__dczerorl2.o)
    0x0800023a   0x00000002   PAD
    0x0800023c   0x00000030   Code   RO         4626    i.Bootloader_Check_App_FW_Validity  boot_loader.o
    0x0800026c   0x00000068   Code   RO         4627    i.Bootloader_closeBsp  boot_loader.o
    0x080002d4   0x00000014   Code   RO         4628    i.Bootloader_flag_erase  boot_loader.o
    0x080002e8   0x00000004   Code   RO         4459    i.BusFault_Handler  stm32_it.o
    0x080002ec   0x0000000c   Code   RO         3622    i.ByteSwap          usb_regs.o
    0x080002f8   0x00000288   Code   RO         3551    i.CTR_LP            usb_int.o
    0x08000580   0x00000034   Code   RO         3623    i.ClearDTOG_RX      usb_regs.o
    0x080005b4   0x00000034   Code   RO         3624    i.ClearDTOG_TX      usb_regs.o
    0x080005e8   0x00000028   Code   RO         3629    i.Clear_Status_Out  usb_regs.o
    0x08000610   0x00000034   Code   RO         5064    i.CommController_GetFirmware  server_comm_controller.o
    0x08000644   0x0000001c   Code   RO         5065    i.CommController_Init  server_comm_controller.o
    0x08000660   0x0000000e   Code   RO         5066    i.CommController_JustResponseOk  server_comm_controller.o
    0x0800066e   0x00000002   PAD
    0x08000670   0x00000080   Code   RO         5067    i.CommController_PhySend  server_comm_controller.o
    0x080006f0   0x00000012   Code   RO         5068    i.CommController_Ping  server_comm_controller.o
    0x08000702   0x00000002   PAD
    0x08000704   0x0000009c   Code   RO         5070    i.CommController_RecvThread  server_comm_controller.o
    0x080007a0   0x00000024   Code   RO         5071    i.CommController_SendBuf  server_comm_controller.o
    0x080007c4   0x00000018   Code   RO         5072    i.CommController_SendRetry  server_comm_controller.o
    0x080007dc   0x0000001c   Code   RO         5073    i.CommController_SoftReset  server_comm_controller.o
    0x080007f8   0x000000aa   Code   RO         5074    i.CommController_Stm32Flash  server_comm_controller.o
    0x080008a2   0x00000050   Code   RO         5075    i.CommController_Stm32FlashDecode  server_comm_controller.o
    0x080008f2   0x00000034   Code   RO         5174    i.Comm_Crc16Calc    server_comm_protocol.o
    0x08000926   0x00000048   Code   RO         5175    i.Comm_Crc16Init    server_comm_protocol.o
    0x0800096e   0x00000002   PAD
    0x08000970   0x00000098   Code   RO         5176    i.Comm_Decoder      server_comm_protocol.o
    0x08000a08   0x00000078   Code   RO         5177    i.Comm_Encoder      server_comm_protocol.o
    0x08000a80   0x0000002e   Code   RO         5178    i.Comm_GetHeadFromBuf  server_comm_protocol.o
    0x08000aae   0x0000000e   Code   RO         5179    i.Comm_GetU16FromBuf  server_comm_protocol.o
    0x08000abc   0x0000001a   Code   RO         5180    i.Comm_GetU32FromBuf  server_comm_protocol.o
    0x08000ad6   0x00000024   Code   RO         5181    i.Comm_Init         server_comm_protocol.o
    0x08000afa   0x00000120   Code   RO         5182    i.Comm_RecvBytes    server_comm_protocol.o
    0x08000c1a   0x0000001c   Code   RO         5183    i.Comm_RecvReset    server_comm_protocol.o
    0x08000c36   0x0000004a   Code   RO         5184    i.Comm_SendBytes    server_comm_protocol.o
    0x08000c80   0x00000016   Code   RO         5185    i.Comm_SendReset    server_comm_protocol.o
    0x08000c96   0x00000002   PAD
    0x08000c98   0x0000003c   Code   RO         5186    i.Comm_SendRetry    server_comm_protocol.o
    0x08000cd4   0x0000002e   Code   RO         5187    i.Comm_SetHeadToBuf  server_comm_protocol.o
    0x08000d02   0x00000008   Code   RO         5189    i.Comm_SetU16ToBuf  server_comm_protocol.o
    0x08000d0a   0x00000010   Code   RO         5190    i.Comm_SetU32ToBuf  server_comm_protocol.o
    0x08000d1a   0x00000002   PAD
    0x08000d1c   0x00000080   Code   RO         4216    i.CustomHID_Data_Setup  usb_prop.o
    0x08000d9c   0x00000014   Code   RO         4217    i.CustomHID_GetConfigDescriptor  usb_prop.o
    0x08000db0   0x00000014   Code   RO         4218    i.CustomHID_GetDeviceDescriptor  usb_prop.o
    0x08000dc4   0x00000014   Code   RO         4219    i.CustomHID_GetHIDDescriptor  usb_prop.o
    0x08000dd8   0x0000001c   Code   RO         4220    i.CustomHID_GetProtocolValue  usb_prop.o
    0x08000df4   0x00000014   Code   RO         4221    i.CustomHID_GetReportDescriptor  usb_prop.o
    0x08000e08   0x00000028   Code   RO         4222    i.CustomHID_GetStringDescriptor  usb_prop.o
    0x08000e30   0x00000016   Code   RO         4223    i.CustomHID_Get_Interface_Setting  usb_prop.o
    0x08000e46   0x00000002   PAD
    0x08000e48   0x00000024   Code   RO         4224    i.CustomHID_NoData_Setup  usb_prop.o
    0x08000e6c   0x000000c0   Code   RO         4225    i.CustomHID_Reset   usb_prop.o
    0x08000f2c   0x00000018   Code   RO         4226    i.CustomHID_SetConfiguration  usb_prop.o
    0x08000f44   0x0000000c   Code   RO         4227    i.CustomHID_SetDeviceAddress  usb_prop.o
    0x08000f50   0x00000018   Code   RO         4228    i.CustomHID_SetProtocol  usb_prop.o
    0x08000f68   0x00000002   Code   RO         4229    i.CustomHID_Status_In  usb_prop.o
    0x08000f6a   0x00000002   Code   RO         4230    i.CustomHID_Status_Out  usb_prop.o
    0x08000f6c   0x00000028   Code   RO         4231    i.CustomHID_init    usb_prop.o
    0x08000f94   0x00000020   Code   RO          842    i.DBGMCU_Config     stm32f10x_dbgmcu.o
    0x08000fb4   0x00000002   Code   RO         4460    i.DMA1_Channel1_IRQHandler  stm32_it.o
    0x08000fb6   0x00000002   PAD
    0x08000fb8   0x000000c0   Code   RO         3345    i.DataStageIn       usb_core.o
    0x08001078   0x000000bc   Code   RO         3346    i.DataStageOut      usb_core.o
    0x08001134   0x00000298   Code   RO         3347    i.Data_Setup0       usb_core.o
    0x080013cc   0x00000002   Code   RO         4461    i.DebugMon_Handler  stm32_it.o
    0x080013ce   0x00000002   PAD
    0x080013d0   0x00000014   Code   RO         4139    i.EP1_OUT_Callback  usb_endp.o
    0x080013e4   0x00000038   Code   RO         4140    i.EP2_IN_Callback   usb_endp.o
    0x0800141c   0x0000000c   Code   RO          969    i.EXTI_ClearITPendingBit  stm32f10x_exti.o
    0x08001428   0x0000000c   Code   RO         4030    i.Enter_LowPowerMode  hw_config.o
    0x08001434   0x0000000c   Code   RO         1037    i.FLASH_ClearFlag   stm32f10x_flash.o
    0x08001440   0x0000004c   Code   RO         1042    i.FLASH_ErasePage   stm32f10x_flash.o
    0x0800148c   0x00000034   Code   RO         1043    i.FLASH_GetBank1Status  stm32f10x_flash.o
    0x080014c0   0x00000014   Code   RO         1052    i.FLASH_Lock        stm32f10x_flash.o
    0x080014d4   0x0000001c   Code   RO         1054    i.FLASH_PrefetchBufferCmd  stm32f10x_flash.o
    0x080014f0   0x0000006c   Code   RO         1057    i.FLASH_ProgramWord  stm32f10x_flash.o
    0x0800155c   0x00000018   Code   RO         1059    i.FLASH_SetLatency  stm32f10x_flash.o
    0x08001574   0x00000018   Code   RO         1060    i.FLASH_Unlock      stm32f10x_flash.o
    0x0800158c   0x00000026   Code   RO         1064    i.FLASH_WaitForLastOperation  stm32f10x_flash.o
    0x080015b2   0x00000002   PAD
    0x080015b4   0x00000034   Code   RO         4630    i.Flash_JumpToExeCode  boot_loader.o
    0x080015e8   0x00000116   Code   RO         1367    i.GPIO_Init         stm32f10x_gpio.o
    0x080016fe   0x00000020   Code   RO         4688    i.GPIO_Pin_Setting  common.o
    0x0800171e   0x00000004   Code   RO         1374    i.GPIO_ResetBits    stm32f10x_gpio.o
    0x08001722   0x00000004   Code   RO         1375    i.GPIO_SetBits      stm32f10x_gpio.o
    0x08001726   0x00000002   PAD
    0x08001728   0x00000020   Code   RO         3641    i.GetEPRxAddr       usb_regs.o
    0x08001748   0x00000020   Code   RO         3644    i.GetEPTxAddr       usb_regs.o
    0x08001768   0x00000018   Code   RO         3646    i.GetEPTxStatus     usb_regs.o
    0x08001780   0x00000002   Code   RO         4031    i.Get_SerialNum     hw_config.o
    0x08001782   0x00000002   PAD
    0x08001784   0x00000040   Code   RO         4778    i.Gpio_Config       system.o
    0x080017c4   0x00000004   Code   RO         4462    i.HardFault_Handler  stm32_it.o
    0x080017c8   0x00000070   Code   RO         3348    i.In0_Process       usb_core.o
    0x08001838   0x00000028   Code   RO         4949    i.IsUserTimeout     time_server.o
    0x08001860   0x00000024   Code   RO         4032    i.Leave_LowPowerMode  hw_config.o
    0x08001884   0x00000004   Code   RO         4463    i.MemManage_Handler  stm32_it.o
    0x08001888   0x00000002   Code   RO         4464    i.NMI_Handler       stm32_it.o
    0x0800188a   0x00000002   Code   RO         3349    i.NOP_Process       usb_core.o
    0x0800188c   0x00000070   Code   RO            4    i.NVIC_Init         misc.o
    0x080018fc   0x00000014   Code   RO            5    i.NVIC_PriorityGroupConfig  misc.o
    0x08001910   0x00000014   Code   RO            6    i.NVIC_SetVectorTable  misc.o
    0x08001924   0x00000138   Code   RO         3350    i.NoData_Setup0     usb_core.o
    0x08001a5c   0x00000082   Code   RO         4779    i.Nvic_Config       system.o
    0x08001ade   0x00000002   PAD
    0x08001ae0   0x00000050   Code   RO         3351    i.Out0_Process      usb_core.o
    0x08001b30   0x00000028   Code   RO         3592    i.PMAToUserBufferCopy  usb_mem.o
    0x08001b58   0x00000002   Code   RO         4465    i.PendSV_Handler    stm32_it.o
    0x08001b5a   0x00000002   PAD
    0x08001b5c   0x00000048   Code   RO         3352    i.Post0_Process     usb_core.o
    0x08001ba4   0x00000028   Code   RO         4341    i.PowerOff          usb_pwr.o
    0x08001bcc   0x00000044   Code   RO         4342    i.PowerOn           usb_pwr.o
    0x08001c10   0x00000020   Code   RO         1843    i.RCC_APB1PeriphClockCmd  stm32f10x_rcc.o
    0x08001c30   0x00000020   Code   RO         1844    i.RCC_APB1PeriphResetCmd  stm32f10x_rcc.o
    0x08001c50   0x00000020   Code   RO         1845    i.RCC_APB2PeriphClockCmd  stm32f10x_rcc.o
    0x08001c70   0x00000020   Code   RO         1846    i.RCC_APB2PeriphResetCmd  stm32f10x_rcc.o
    0x08001c90   0x0000004c   Code   RO         1852    i.RCC_DeInit        stm32f10x_rcc.o
    0x08001cdc   0x000000d4   Code   RO         1853    i.RCC_GetClocksFreq  stm32f10x_rcc.o
    0x08001db0   0x0000003c   Code   RO         1854    i.RCC_GetFlagStatus  stm32f10x_rcc.o
    0x08001dec   0x00000010   Code   RO         1856    i.RCC_GetSYSCLKSource  stm32f10x_rcc.o
    0x08001dfc   0x00000018   Code   RO         1857    i.RCC_HCLKConfig    stm32f10x_rcc.o
    0x08001e14   0x0000004c   Code   RO         1858    i.RCC_HSEConfig     stm32f10x_rcc.o
    0x08001e60   0x00000018   Code   RO         1864    i.RCC_PCLK1Config   stm32f10x_rcc.o
    0x08001e78   0x00000018   Code   RO         1865    i.RCC_PCLK2Config   stm32f10x_rcc.o
    0x08001e90   0x0000000c   Code   RO         1866    i.RCC_PLLCmd        stm32f10x_rcc.o
    0x08001e9c   0x0000001c   Code   RO         1867    i.RCC_PLLConfig     stm32f10x_rcc.o
    0x08001eb8   0x00000018   Code   RO         1870    i.RCC_SYSCLKConfig  stm32f10x_rcc.o
    0x08001ed0   0x0000000c   Code   RO         1871    i.RCC_USBCLKConfig  stm32f10x_rcc.o
    0x08001edc   0x00000038   Code   RO         1872    i.RCC_WaitForHSEStartUp  stm32f10x_rcc.o
    0x08001f14   0x00000066   Code   RO         4781    i.Rcc_Config        system.o
    0x08001f7a   0x00000002   PAD
    0x08001f7c   0x000000b0   Code   RO         4343    i.Resume            usb_pwr.o
    0x0800202c   0x00000024   Code   RO         4344    i.Resume_Init       usb_pwr.o
    0x08002050   0x00000002   Code   RO         4466    i.SVC_Handler       stm32_it.o
    0x08002052   0x00000002   PAD
    0x08002054   0x00000010   Code   RO         4782    i.SYSTEM_Get_sysClockFreq  system.o
    0x08002064   0x0000005c   Code   RO         4783    i.SYSTEM_MYRCC_DeInit  system.o
    0x080020c0   0x0000004c   Code   RO         4784    i.SYSTEM_Soft_Reset  system.o
    0x0800210c   0x00000010   Code   RO         3652    i.SetBTABLE         usb_regs.o
    0x0800211c   0x00000050   Code   RO         3353    i.SetDeviceAddress  usb_core.o
    0x0800216c   0x00000024   Code   RO         3666    i.SetEPRxAddr       usb_regs.o
    0x08002190   0x0000004c   Code   RO         3667    i.SetEPRxCount      usb_regs.o
    0x080021dc   0x00000040   Code   RO         3668    i.SetEPRxStatus     usb_regs.o
    0x0800221c   0x00000034   Code   RO         3669    i.SetEPRxValid      usb_regs.o
    0x08002250   0x00000020   Code   RO         3670    i.SetEPTxAddr       usb_regs.o
    0x08002270   0x0000001c   Code   RO         3671    i.SetEPTxCount      usb_regs.o
    0x0800228c   0x00000040   Code   RO         3672    i.SetEPTxStatus     usb_regs.o
    0x080022cc   0x00000034   Code   RO         3673    i.SetEPTxValid      usb_regs.o
    0x08002300   0x00000024   Code   RO         3674    i.SetEPType         usb_regs.o
    0x08002324   0x00000008   Code   RO         4406    i.SetSysClock       system_stm32f10x.o
    0x0800232c   0x000000e0   Code   RO         4407    i.SetSysClockTo72   system_stm32f10x.o
    0x0800240c   0x00000018   Code   RO         4950    i.SetUserTimeout    time_server.o
    0x08002424   0x00000012   Code   RO         4033    i.Set_USBClock      hw_config.o
    0x08002436   0x00000002   PAD
    0x08002438   0x000000b8   Code   RO         3354    i.Setup0_Process    usb_core.o
    0x080024f0   0x0000016c   Code   RO         3355    i.Standard_ClearFeature  usb_core.o
    0x0800265c   0x0000002c   Code   RO         3356    i.Standard_GetConfiguration  usb_core.o
    0x08002688   0x00000024   Code   RO         3357    i.Standard_GetDescriptorData  usb_core.o
    0x080026ac   0x0000002c   Code   RO         3358    i.Standard_GetInterface  usb_core.o
    0x080026d8   0x00000100   Code   RO         3359    i.Standard_GetStatus  usb_core.o
    0x080027d8   0x00000048   Code   RO         3360    i.Standard_SetConfiguration  usb_core.o
    0x08002820   0x00000028   Code   RO         3361    i.Standard_SetDeviceFeature  usb_core.o
    0x08002848   0x000000d0   Code   RO         3362    i.Standard_SetEndPointFeature  usb_core.o
    0x08002918   0x0000006c   Code   RO         3363    i.Standard_SetInterface  usb_core.o
    0x08002984   0x00000028   Code   RO         4345    i.Suspend           usb_pwr.o
    0x080029ac   0x00000002   Code   RO         4467    i.SysTick_Handler   stm32_it.o
    0x080029ae   0x00000002   PAD
    0x080029b0   0x00000060   Code   RO         4409    i.SystemInit        system_stm32f10x.o
    0x08002a10   0x0000004c   Code   RO         4786    i.SystemTimerDelay_Config  system.o
    0x08002a5c   0x00000054   Code   RO         4468    i.TIM4_IRQHandler   stm32_it.o
    0x08002ab0   0x00000020   Code   RO         4469    i.TIM5_IRQHandler   stm32_it.o
    0x08002ad0   0x00000020   Code   RO         4470    i.TIM6_IRQHandler   stm32_it.o
    0x08002af0   0x00000018   Code   RO         2522    i.TIM_ARRPreloadConfig  stm32f10x_tim.o
    0x08002b08   0x00000006   Code   RO         2528    i.TIM_ClearFlag     stm32f10x_tim.o
    0x08002b0e   0x00000006   Code   RO         2529    i.TIM_ClearITPendingBit  stm32f10x_tim.o
    0x08002b14   0x00000018   Code   RO         2534    i.TIM_Cmd           stm32f10x_tim.o
    0x08002b2c   0x000001e8   Code   RO         2539    i.TIM_DeInit        stm32f10x_tim.o
    0x08002d14   0x00000022   Code   RO         2555    i.TIM_GetITStatus   stm32f10x_tim.o
    0x08002d36   0x00000012   Code   RO         2559    i.TIM_ITConfig      stm32f10x_tim.o
    0x08002d48   0x000000a4   Code   RO         2605    i.TIM_TimeBaseInit  stm32f10x_tim.o
    0x08002dec   0x00000050   Code   RO         4787    i.Timer5_Config     system.o
    0x08002e3c   0x0000000c   Code   RO         4471    i.USBWakeUp_IRQHandler  stm32_it.o
    0x08002e48   0x00000024   Code   RO         4034    i.USB_Cable_Config  hw_config.o
    0x08002e6c   0x00000002   Code   RO         4472    i.USB_HP_CAN1_TX_IRQHandler  stm32_it.o
    0x08002e6e   0x00000002   PAD
    0x08002e70   0x0000003c   Code   RO         3515    i.USB_Init          usb_init.o
    0x08002eac   0x0000002a   Code   RO         4035    i.USB_Interrupts_Config  hw_config.o
    0x08002ed6   0x00000002   PAD
    0x08002ed8   0x000000f8   Code   RO         4183    i.USB_Istr          usb_istr.o
    0x08002fd0   0x00000008   Code   RO         4473    i.USB_LP_CAN1_RX0_IRQHandler  stm32_it.o
    0x08002fd8   0x00000024   Code   RO         3994    i.USB_SIL_Init      usb_sil.o
    0x08002ffc   0x0000002e   Code   RO         3996    i.USB_SIL_Write     usb_sil.o
    0x0800302a   0x00000002   PAD
    0x0800302c   0x00000024   Code   RO         4036    i.USB_SoftConnect   hw_config.o
    0x08003050   0x00000004   Code   RO         4474    i.UsageFault_Handler  stm32_it.o
    0x08003054   0x00000038   Code   RO         3593    i.UserToPMABufferCopy  usb_mem.o
    0x0800308c   0x0000000e   Code   RO         5321    i.__scatterload_copy  mc_w.l(handlers.o)
    0x0800309a   0x00000002   Code   RO         5322    i.__scatterload_null  mc_w.l(handlers.o)
    0x0800309c   0x0000000e   Code   RO         5323    i.__scatterload_zeroinit  mc_w.l(handlers.o)
    0x080030aa   0x00000002   PAD
    0x080030ac   0x00000038   Code   RO         4689    i.common_init       common.o
    0x080030e4   0x00000044   Code   RO         4690    i.flash_erase       common.o
    0x08003128   0x00000016   Code   RO         4691    i.flash_read        common.o
    0x0800313e   0x00000002   PAD
    0x08003140   0x00000044   Code   RO         4692    i.flash_write       common.o
    0x08003184   0x00000054   Code   RO         4951    i.get_system_relative_us_count  time_server.o
    0x080031d8   0x00000020   Code   RO         4952    i.get_system_timestamp  time_server.o
    0x080031f8   0x0000001a   Code   RO         4694    i.get_u32_from_buf  common.o
    0x08003212   0x00000066   Code   RO         4587    i.main              main.o
    0x08003278   0x00000024   Code   RO         4789    i.system_config     system.o
    0x0800329c   0x00000020   Code   RO         4958    i.system_delay_ms   time_server.o
    0x080032bc   0x00000020   Code   RO         4889    i.task_init         task.o
    0x080032dc   0x0000001c   Code   RO         4890    i.task_run          task.o
    0x080032f8   0x00000004   Code   RO         4891    i.test_thread_proc  task.o
    0x080032fc   0x0000002c   Code   RO         4960    i.time_server_init  time_server.o
    0x08003328   0x00000058   Code   RO         4961    i.time_server_interrupt_proc5  time_server.o
    0x08003380   0x00000014   Code   RO         4962    i.time_server_interrupt_proc6  time_server.o
    0x08003394   0x0000014c   Code   RO         4892    i.usb_thread_proc   task.o
    0x080034e0   0x0000007a   Data   RO         4104    .constdata          usb_desc.o
    0x0800355a   0x0000000f   Data   RO         4631    .constdata          boot_loader.o
    0x08003569   0x00000009   Data   RO         5079    .constdata          server_comm_controller.o
    0x08003572   0x00000002   PAD
    0x08003574   0x00000020   Data   RO         5319    Region$$Table       anon$$obj.o


    Execution Region RW_IRAM1 (Base: 0x20000000, Size: 0x00001ae8, Max: 0x00010000, ABSOLUTE, COMPRESSED[0x0000009c])

    Base Addr    Size         Type   Attr      Idx    E Section Name        Object

    0x20000000   0x00000014   Data   RW         1873    .data               stm32f10x_rcc.o
    0x20000014   0x00000003   Data   RW         3364    .data               usb_core.o
    0x20000017   0x00000001   PAD
    0x20000018   0x00000014   Data   RW         3517    .data               usb_init.o
    0x2000002c   0x00000004   Data   RW         3552    .data               usb_int.o
    0x20000030   0x0000001a   Data   RW         4105    .data               usb_desc.o
    0x2000004a   0x00000002   PAD
    0x2000004c   0x0000003c   Data   RW         4184    .data               usb_istr.o
    0x20000088   0x0000009c   Data   RW         4232    .data               usb_prop.o
    0x20000124   0x00000007   Data   RW         4347    .data               usb_pwr.o
    0x2000012b   0x00000005   Data   RW         4699    .data               common.o
    0x20000130   0x0000000d   Data   RW         4894    .data               task.o
    0x2000013d   0x00000003   PAD
    0x20000140   0x00000020   Data   RW         4965    .data               time_server.o
    0x20000160   0x00000010   Data   RW         5080    .data               server_comm_controller.o
    0x20000170   0x0000001c   Zero   RW         3516    .bss                usb_init.o
    0x2000018c   0x00000080   Zero   RW         4698    .bss                common.o
    0x2000020c   0x00000014   Zero   RW         4790    .bss                system.o
    0x20000220   0x00000400   Zero   RW         4893    .bss                task.o
    0x20000620   0x00000080   Zero   RW         4964    .bss                time_server.o
    0x200006a0   0x00000e2c   Zero   RW         5078    .bss                server_comm_controller.o
    0x200014cc   0x00000218   Zero   RW         5191    .bss                server_comm_protocol.o
    0x200016e4   0x00000004   PAD
    0x200016e8   0x00000400   Zero   RW         4449    STACK               startup_stm32f10x_hd.o



  Load Region LR$$.ARM.__AT_0x08040000 (Base: 0x08040000, Size: 0x00000000, Max: 0x00000010, ABSOLUTE)

    Execution Region ER$$.ARM.__AT_0x08040000 (Base: 0x08040000, Size: 0x00000010, Max: 0x00000010, ABSOLUTE, UNINIT)

    Base Addr    Size         Type   Attr      Idx    E Section Name        Object

    0x08040000   0x00000010   Zero   RW         4588    .ARM.__AT_0x08040000  main.o


==============================================================================

Image component sizes


      Code (inc. data)   RO Data    RW Data    ZI Data      Debug   Object Name

       224         56         15          0          0       5888   boot_loader.o
       272         32          0          5        128       4711   common.o
       182         24          0          0          0       3898   hw_config.o
       102          0          0          0         16       1202   main.o
       152         30          0          0          0     212901   misc.o
       734         68          9         16       3628       9763   server_comm_controller.o
      1060         12          0          0        536      11395   server_comm_protocol.o
        36          8        304          0       1024        824   startup_stm32f10x_hd.o
       198         30          0          0          0       7159   stm32_it.o
         0          0          0          0          0       8736   stm32f10x_adc.o
        32          6          0          0          0        528   stm32f10x_dbgmcu.o
        12          6          0          0          0        493   stm32f10x_exti.o
       382         50          0          0          0      12417   stm32f10x_flash.o
       286          0          0          0          0      11260   stm32f10x_gpio.o
       772        110          0         20          0      11675   stm32f10x_rcc.o
       764        106          0          0          0      25530   stm32f10x_tim.o
       672         46          0          0         20      29792   system.o
       328         28          0          0          0       1969   system_stm32f10x.o
       396         52          0         13       1024       4492   task.o
       364         62          0         32        128       6233   time_server.o
      3058        288          0          3          0      16839   usb_core.o
         0          0        122         26          0       1172   usb_desc.o
        76         16          0          0          0        953   usb_endp.o
        60         24          0         20         28       3958   usb_init.o
       648         32          0          4          0       1632   usb_int.o
       248         26          0         60          0       1324   usb_istr.o
        96         10          0          0          0       1644   usb_mem.o
       630        108          0        156          0      12477   usb_prop.o
       360         42          0          7          0       3936   usb_pwr.o
       700         96          0          0          0       9128   usb_regs.o
        82          8          0          0          0       1371   usb_sil.o

    ----------------------------------------------------------------------
     12968       1376        484        368       6536     425300   Object Totals
         0          0         32          0          0          0   (incl. Generated)
        42          0          2          6          4          0   (incl. Padding)

    ----------------------------------------------------------------------

      Code (inc. data)   RO Data    RW Data    ZI Data      Debug   Library Member Name

        86          0          0          0          0          0   __dczerorl2.o
         0          0          0          0          0          0   entry.o
         0          0          0          0          0          0   entry10a.o
         0          0          0          0          0          0   entry11a.o
         8          4          0          0          0          0   entry2.o
         4          0          0          0          0          0   entry5.o
         0          0          0          0          0          0   entry7b.o
         0          0          0          0          0          0   entry8b.o
         8          4          0          0          0          0   entry9a.o
        30          0          0          0          0          0   handlers.o
        36          8          0          0          0         68   init.o
        36          0          0          0          0         68   memcpya.o
        36          0          0          0          0        108   memseta.o
        14          0          0          0          0         68   strlen.o

    ----------------------------------------------------------------------
       264         16          0          0          0        312   Library Totals
         6          0          0          0          0          0   (incl. Padding)

    ----------------------------------------------------------------------

      Code (inc. data)   RO Data    RW Data    ZI Data      Debug   Library Name

       258         16          0          0          0        312   mc_w.l

    ----------------------------------------------------------------------
       264         16          0          0          0        312   Library Totals

    ----------------------------------------------------------------------

==============================================================================


      Code (inc. data)   RO Data    RW Data    ZI Data      Debug   

     13232       1392        484        368       6536     416016   Grand Totals
     13232       1392        484        156       6536     416016   ELF Image Totals (compressed)
     13232       1392        484        156          0          0   ROM Totals

==============================================================================

    Total RO  Size (Code + RO Data)                13716 (  13.39kB)
    Total RW  Size (RW Data + ZI Data)              6904 (   6.74kB)
    Total ROM Size (Code + RO Data + RW Data)      13872 (  13.55kB)

==============================================================================

